Archive member included to satisfy reference by file (symbol)

/home/obrol/RIOT/practice/UART/bin/unwd-range-l1-r3/core.a(sched.o)
                              /home/obrol/RIOT/practice/UART/bin/unwd-range-l1-r3/newlib_syscalls_default/syscalls.o (sched_active_pid)
/home/obrol/RIOT/practice/UART/bin/unwd-range-l1-r3/cortexm_common.a(thread_arch.o)
                              /home/obrol/RIOT/practice/UART/bin/unwd-range-l1-r3/core.a(sched.o) (cpu_switch_context_exit)
/home/obrol/RIOT/practice/UART/bin/unwd-range-l1-r3/cortexm_common.a(vectors_cortexm.o)
                              /home/obrol/RIOT/practice/UART/bin/unwd-range-l1-r3/cpu/vectors.o (dummy_handler_default)
/home/obrol/RIOT/practice/UART/bin/unwd-range-l1-r3/cortexm_common.a(irq_arch.o)
                              /home/obrol/RIOT/practice/UART/bin/unwd-range-l1-r3/newlib_syscalls_default/syscalls.o (irq_disable)
/home/obrol/RIOT/practice/UART/bin/unwd-range-l1-r3/stdio_uart.a(stdio_uart.o)
                              /home/obrol/RIOT/practice/UART/bin/unwd-range-l1-r3/newlib_syscalls_default/syscalls.o (stdio_init)
/home/obrol/RIOT/practice/UART/bin/unwd-range-l1-r3/stm32_common_periph.a(pm.o)
                              /home/obrol/RIOT/practice/UART/bin/unwd-range-l1-r3/newlib_syscalls_default/syscalls.o (pm_off)
/home/obrol/RIOT/practice/UART/bin/unwd-range-l1-r3/stm32_common_periph.a(uart.o)
                              /home/obrol/RIOT/practice/UART/bin/unwd-range-l1-r3/stdio_uart.a(stdio_uart.o) (uart_write)
/home/obrol/RIOT/practice/UART/bin/unwd-range-l1-r3/stm32_common_periph.a(gpio.o)
                              /home/obrol/RIOT/practice/UART/bin/unwd-range-l1-r3/stm32_common_periph.a(pm.o) (gpio_init)
/home/obrol/RIOT/practice/UART/bin/unwd-range-l1-r3/boards_common_unwd.a(board.o)
                              /home/obrol/RIOT/practice/UART/bin/unwd-range-l1-r3/cortexm_common.a(vectors_cortexm.o) (board_init)
/home/obrol/RIOT/practice/UART/bin/unwd-range-l1-r3/core.a(panic.o)
                              /home/obrol/RIOT/practice/UART/bin/unwd-range-l1-r3/cortexm_common.a(vectors_cortexm.o) (core_panic)
/home/obrol/RIOT/practice/UART/bin/unwd-range-l1-r3/core.a(kernel_init.o)
                              /home/obrol/RIOT/practice/UART/bin/unwd-range-l1-r3/cortexm_common.a(vectors_cortexm.o) (kernel_init)
/home/obrol/RIOT/practice/UART/bin/unwd-range-l1-r3/core.a(thread.o)
                              /home/obrol/RIOT/practice/UART/bin/unwd-range-l1-r3/core.a(kernel_init.o) (thread_create)
/home/obrol/RIOT/practice/UART/bin/unwd-range-l1-r3/cortexm_common.a(cortexm_init.o)
                              /home/obrol/RIOT/practice/UART/bin/unwd-range-l1-r3/stm32_common_periph.a(pm.o) (cpu_check_address)
/home/obrol/RIOT/practice/UART/bin/unwd-range-l1-r3/isrpipe.a(isrpipe.o)
                              /home/obrol/RIOT/practice/UART/bin/unwd-range-l1-r3/stdio_uart.a(stdio_uart.o) (isrpipe_write_one)
/home/obrol/RIOT/practice/UART/bin/unwd-range-l1-r3/pm_layered.a(pm.o)
                              /home/obrol/RIOT/practice/UART/bin/unwd-range-l1-r3/core.a(kernel_init.o) (pm_set_lowest)
/home/obrol/RIOT/practice/UART/bin/unwd-range-l1-r3/stm32_common.a(cpu_init.o)
                              /home/obrol/RIOT/practice/UART/bin/unwd-range-l1-r3/boards_common_unwd.a(board.o) (cpu_init)
/home/obrol/RIOT/practice/UART/bin/unwd-range-l1-r3/stm32_common.a(stmclk_l0l1.o)
                              /home/obrol/RIOT/practice/UART/bin/unwd-range-l1-r3/stm32_common_periph.a(pm.o) (stmclk_init_sysclk)
/home/obrol/RIOT/practice/UART/bin/unwd-range-l1-r3/stm32_common.a(cpu_common.o)
                              /home/obrol/RIOT/practice/UART/bin/unwd-range-l1-r3/stm32_common_periph.a(uart.o) (periph_apb_clk)
/home/obrol/RIOT/practice/UART/bin/unwd-range-l1-r3/stm32_common.a(stm_status.o)
                              /home/obrol/RIOT/practice/UART/bin/unwd-range-l1-r3/stm32_common.a(cpu_init.o) (cpu_init_status)
/home/obrol/RIOT/practice/UART/bin/unwd-range-l1-r3/tsrb.a(tsrb.o)
                              /home/obrol/RIOT/practice/UART/bin/unwd-range-l1-r3/isrpipe.a(isrpipe.o) (tsrb_get)
/home/obrol/RIOT/practice/UART/bin/unwd-range-l1-r3/periph_common.a(init.o)
                              /home/obrol/RIOT/practice/UART/bin/unwd-range-l1-r3/stm32_common.a(cpu_init.o) (periph_init)
/home/obrol/RIOT/practice/UART/bin/unwd-range-l1-r3/application_traffic_lights.a(main.o)
                              /home/obrol/RIOT/practice/UART/bin/unwd-range-l1-r3/core.a(kernel_init.o) (main)
/home/obrol/RIOT/practice/UART/bin/unwd-range-l1-r3/auto_init.a(auto_init.o)
                              /home/obrol/RIOT/practice/UART/bin/unwd-range-l1-r3/core.a(kernel_init.o) (auto_init)
/home/obrol/RIOT/practice/UART/bin/unwd-range-l1-r3/core.a(mutex.o)
                              /home/obrol/RIOT/practice/UART/bin/unwd-range-l1-r3/isrpipe.a(isrpipe.o) (_mutex_lock)
/home/obrol/RIOT/practice/UART/bin/unwd-range-l1-r3/core.a(msg.o)
[...]
Memory Configuration

Name             Origin             Length             Attributes
ccmram           0x0000000010000000 0x0000000000000000
rom              0x0000000008000000 0x0000000000080000 xr
ram              0x0000000020000000 0x0000000000014000 w !xr
*default*        0x0000000000000000 0xffffffffffffffff

Linker script and memory map

LOAD /home/obrol/RIOT/practice/UART/bin/unwd-range-l1-r3/cpu/vectors.o
LOAD /home/obrol/RIOT/practice/UART/bin/unwd-range-l1-r3/newlib_syscalls_default/syscalls.o
START GROUP
LOAD /home/obrol/RIOT/practice/UART/bin/unwd-range-l1-r3/application_traffic_lights.a
LOAD /home/obrol/RIOT/practice/UART/bin/unwd-range-l1-r3/auto_init.a
LOAD /home/obrol/RIOT/practice/UART/bin/unwd-range-l1-r3/board.a
LOAD /home/obrol/RIOT/practice/UART/bin/unwd-range-l1-r3/boards_common_unwd.a
LOAD /home/obrol/RIOT/practice/UART/bin/unwd-range-l1-r3/core.a
LOAD /home/obrol/RIOT/practice/UART/bin/unwd-range-l1-r3/cortexm_common.a
LOAD /home/obrol/RIOT/practice/UART/bin/unwd-range-l1-r3/cortexm_common_periph.a
LOAD /home/obrol/RIOT/practice/UART/bin/unwd-range-l1-r3/cpu.a
LOAD /home/obrol/RIOT/practice/UART/bin/unwd-range-l1-r3/isrpipe.a
LOAD /home/obrol/RIOT/practice/UART/bin/unwd-range-l1-r3/lptimer.a
LOAD /home/obrol/RIOT/practice/UART/bin/unwd-range-l1-r3/newlib_syscalls_default.a
LOAD /home/obrol/RIOT/practice/UART/bin/unwd-range-l1-r3/periph.a
LOAD /home/obrol/RIOT/practice/UART/bin/unwd-range-l1-r3/pm_layered.a
LOAD /home/obrol/RIOT/practice/UART/bin/unwd-range-l1-r3/stdio_uart.a
LOAD /home/obrol/RIOT/practice/UART/bin/unwd-range-l1-r3/stm32_common.a
LOAD /home/obrol/RIOT/practice/UART/bin/unwd-range-l1-r3/stm32_common_periph.a
LOAD /home/obrol/RIOT/practice/UART/bin/unwd-range-l1-r3/sys.a
LOAD /home/obrol/RIOT/practice/UART/bin/unwd-range-l1-r3/tsrb.a
LOAD /home/obrol/RIOT/practice/UART/bin/unwd-range-l1-r3/periph_common.a
LOAD /opt/gcc-arm-none-eabi-10.3-2021.10/bin/../lib/gcc/arm-none-eabi/10.3.1/../../../../arm-none-eabi/lib/thumb/v7-m/nofp/libm.a
END GROUP
LOAD /opt/gcc-arm-none-eabi-10.3-2021.10/bin/../lib/gcc/arm-none-eabi/10.3.1/thumb/v7-m/nofp/libgcc.a
                0x0000000008000000                _rom_start_addr = 0x8000000
                0x0000000020000000                _ram_start_addr = 0x20000000
                0x0000000000080000                _rom_length = 0x80000
                0x0000000000014000                _ram_length = 0x14000
LOAD /opt/gcc-arm-none-eabi-10.3-2021.10/bin/../lib/gcc/arm-none-eabi/10.3.1/../../../../arm-none-eabi/lib/thumb/v7-m/nofp/libc_nano.a
START GROUP
LOAD /opt/gcc-arm-none-eabi-10.3-2021.10/bin/../lib/gcc/arm-none-eabi/10.3.1/thumb/v7-m/nofp/libgcc.a
LOAD /opt/gcc-arm-none-eabi-10.3-2021.10/bin/../lib/gcc/arm-none-eabi/10.3.1/../../../../arm-none-eabi/lib/thumb/v7-m/nofp/libg_nano.a
LOAD /opt/gcc-arm-none-eabi-10.3-2021.10/bin/../lib/gcc/arm-none-eabi/10.3.1/../../../../arm-none-eabi/lib/thumb/v7-m/nofp/libc_nano.a
END GROUP
START GROUP
LOAD /opt/gcc-arm-none-eabi-10.3-2021.10/bin/../lib/gcc/arm-none-eabi/10.3.1/thumb/v7-m/nofp/libgcc.a
LOAD /opt/gcc-arm-none-eabi-10.3-2021.10/bin/../lib/gcc/arm-none-eabi/10.3.1/../../../../arm-none-eabi/lib/thumb/v7-m/nofp/libc_nano.a
END GROUP
                0x0000000000000000                ccmram_length = DEFINED (ccmram_len)?ccmram_len:0x0
                0x0000000000000000                _rom_offset = DEFINED (_rom_offset)?_rom_offset:0x0
                0x0000000000080000                _fw_rom_length = DEFINED (_fw_rom_length)?_fw_rom_length:(_rom_length - _rom_offset)
                0x0000000000000001                ASSERT ((_fw_rom_length <= (_rom_length - _rom_offset)), Specified firmware size does not fit in ROM)

.text           0x0000000008000000     0x2e1c
                0x0000000008000000                . = ALIGN (0x4)
                0x0000000008000000                _sfixed = .
                0x0000000008000000                _isr_vectors = DEFINED (_isr_vectors)?_isr_vectors:.
 *(SORT_BY_NAME(.vectors*))
 .vectors.0     0x0000000008000000       0x40 /home/obrol/RIOT/practice/UART/bin/unwd-range-l1-r3/cortexm_common.a(vectors_cortexm.o)
                0x0000000008000000                cortex_vector_base
 .vectors.1     0x0000000008000040       0xe4 /home/obrol/RIOT/practice/UART/bin/unwd-range-l1-r3/cpu/vectors.o
                0x0000000008000040                vector_cpu
 *(.text .text.* .gnu.linkonce.t.*)
 .text.dummy_handler
                0x0000000008000124        0x4 /home/obrol/RIOT/practice/UART/bin/unwd-range-l1-r3/cpu/vectors.o
                0x0000000008000124                isr_pvd
                0x0000000008000124                isr_rtc_wkup
                0x0000000008000124                isr_comp_acq
                0x0000000008000124                isr_tim10
                0x0000000008000124                isr_dac
                0x0000000008000124                isr_dma2_ch5
                0x0000000008000124                isr_dma1_ch2
                0x0000000008000124                isr_tim7
                0x0000000008000124                isr_tim5
                0x0000000008000124                isr_i2c1_ev
                0x0000000008000124                isr_dma1_ch7
                0x0000000008000124                isr_tim4
                0x0000000008000124                isr_dma1_ch3
                0x0000000008000124                isr_dma2_ch3
                0x0000000008000124                isr_tim2
                0x0000000008000124                isr_sdio
                0x0000000008000124                isr_spi2
                0x0000000008000124                dummy_handler
                0x0000000008000124                isr_usb_hp
                0x0000000008000124                isr_aes
                0x0000000008000124                isr_dma2_ch4
                0x0000000008000124                isr_dma1_ch1
                0x0000000008000124                isr_tim9
                0x0000000008000124                isr_comp
                0x0000000008000124                isr_dma1_ch6
                0x0000000008000124                isr_spi1
                0x0000000008000124                isr_tim6
                0x0000000008000124                isr_usb_lp
                0x0000000008000124                isr_rcc
                0x0000000008000124                isr_flash
                0x0000000008000124                isr_uart5
                0x0000000008000124                isr_dma2_ch2
                0x0000000008000124                isr_adc1
                0x0000000008000124                isr_uart4
                0x0000000008000124                isr_i2c2_er
                0x0000000008000124                isr_usb_fs_wkup
                0x0000000008000124                isr_dma2_ch1
                0x0000000008000124                isr_tim11
                0x0000000008000124                isr_spi3
                0x0000000008000124                isr_lcd
                0x0000000008000124                isr_tim3
                0x0000000008000124                isr_dma1_ch5
                0x0000000008000124                isr_dma1_ch4
                0x0000000008000124                isr_i2c2_ev
                0x0000000008000124                isr_tamper_stamp
                0x0000000008000124                isr_i2c1_er
                0x0000000008000124                isr_wwdg
 .text._init    0x0000000008000128        0x4 /home/obrol/RIOT/practice/UART/bin/unwd-range-l1-r3/newlib_syscalls_default/syscalls.o
                0x0000000008000128                _init
 .text._fini    0x000000000800012c        0x2 /home/obrol/RIOT/practice/UART/bin/unwd-range-l1-r3/newlib_syscalls_default/syscalls.o
                0x000000000800012c                _fini
 *fill*         0x000000000800012e        0x2 
 .text._sbrk_r  0x0000000008000130       0x3c /home/obrol/RIOT/practice/UART/bin/unwd-range-l1-r3/newlib_syscalls_default/syscalls.o
                0x0000000008000130                _sbrk_r
 .text._read_r  0x000000000800016c        0x8 /home/obrol/RIOT/practice/UART/bin/unwd-range-l1-r3/newlib_syscalls_default/syscalls.o
                0x000000000800016c                _read_r
 .text._write_r
                0x0000000008000174        0x8 /home/obrol/RIOT/practice/UART/bin/unwd-range-l1-r3/newlib_syscalls_default/syscalls.o
                0x0000000008000174                _write_r
 .text._close_r
                0x000000000800017c        0xa /home/obrol/RIOT/practice/UART/bin/unwd-range-l1-r3/newlib_syscalls_default/syscalls.o
                0x000000000800017c                _close_r
 .text._lseek_r
                0x0000000008000186        0xa /home/obrol/RIOT/practice/UART/bin/unwd-range-l1-r3/newlib_syscalls_default/syscalls.o
                0x0000000008000186                _lseek_r
 .text._fstat_r
                0x0000000008000190        0xa /home/obrol/RIOT/practice/UART/bin/unwd-range-l1-r3/newlib_syscalls_default/syscalls.o
                0x0000000008000190                _fstat_r
 .text._isatty_r
                0x000000000800019a        0xe /home/obrol/RIOT/practice/UART/bin/unwd-range-l1-r3/newlib_syscalls_default/syscalls.o
                0x000000000800019a                _isatty_r
 .text.sched_run
                0x00000000080001a8       0x64 /home/obrol/RIOT/practice/UART/bin/unwd-range-l1-r3/core.a(sched.o)
                0x00000000080001a8                sched_run
 .text.sched_set_status
                0x000000000800020c       0x80 /home/obrol/RIOT/practice/UART/bin/unwd-range-l1-r3/core.a(sched.o)
                0x000000000800020c                sched_set_status
 .text.sched_switch
                0x000000000800028c       0x30 /home/obrol/RIOT/practice/UART/bin/unwd-range-l1-r3/core.a(sched.o)
                0x000000000800028c                sched_switch
 .text.sched_task_exit
                0x00000000080002bc       0x3c /home/obrol/RIOT/practice/UART/bin/unwd-range-l1-r3/core.a(sched.o)
                0x00000000080002bc                sched_task_exit
 .text.thread_stack_init
                0x00000000080002f8       0x68 /home/obrol/RIOT/practice/UART/bin/unwd-range-l1-r3/cortexm_common.a(thread_arch.o)
                0x00000000080002f8                thread_stack_init
 .text.cpu_switch_context_exit
                0x0000000008000360        0x8 /home/obrol/RIOT/practice/UART/bin/unwd-range-l1-r3/cortexm_common.a(thread_arch.o)
                0x0000000008000360                cpu_switch_context_exit
 .text.thread_yield_higher
                0x0000000008000368       0x10 /home/obrol/RIOT/practice/UART/bin/unwd-range-l1-r3/cortexm_common.a(thread_arch.o)
                0x0000000008000368                thread_yield_higher
 .text.isr_pendsv
                0x0000000008000378       0x1c /home/obrol/RIOT/practice/UART/bin/unwd-range-l1-r3/cortexm_common.a(thread_arch.o)
                0x0000000008000378                isr_pendsv
 .text.isr_svc  0x0000000008000394       0x1c /home/obrol/RIOT/practice/UART/bin/unwd-range-l1-r3/cortexm_common.a(thread_arch.o)
                0x0000000008000394                isr_svc
 .text.hard_fault_default
                0x00000000080003b0       0x44 /home/obrol/RIOT/practice/UART/bin/unwd-range-l1-r3/cortexm_common.a(vectors_cortexm.o)
                0x00000000080003b0                hard_fault_default
 .text.nmi_default
                0x00000000080003f4       0x10 /home/obrol/RIOT/practice/UART/bin/unwd-range-l1-r3/cortexm_common.a(vectors_cortexm.o)
                0x00000000080003f4                nmi_default
 .text.mem_manage_default
                0x0000000008000404       0x10 /home/obrol/RIOT/practice/UART/bin/unwd-range-l1-r3/cortexm_common.a(vectors_cortexm.o)
                0x0000000008000404                mem_manage_default
 .text.bus_fault_default
                0x0000000008000414       0x10 /home/obrol/RIOT/practice/UART/bin/unwd-range-l1-r3/cortexm_common.a(vectors_cortexm.o)
                0x0000000008000414                bus_fault_default
 .text.usage_fault_default
                0x0000000008000424       0x10 /home/obrol/RIOT/practice/UART/bin/unwd-range-l1-r3/cortexm_common.a(vectors_cortexm.o)
                0x0000000008000424                usage_fault_default
 .text.debug_mon_default
                0x0000000008000434       0x10 /home/obrol/RIOT/practice/UART/bin/unwd-range-l1-r3/cortexm_common.a(vectors_cortexm.o)
                0x0000000008000434                debug_mon_default
 .text.dummy_handler_default
                0x0000000008000444       0x10 /home/obrol/RIOT/practice/UART/bin/unwd-range-l1-r3/cortexm_common.a(vectors_cortexm.o)
                0x0000000008000444                dummy_handler_default
                0x0000000008000444                isr_systick
 .text.pre_startup
                0x0000000008000454        0x2 /home/obrol/RIOT/practice/UART/bin/unwd-range-l1-r3/cortexm_common.a(vectors_cortexm.o)
                0x0000000008000454                pre_startup
 .text.post_startup
                0x0000000008000456        0x2 /home/obrol/RIOT/practice/UART/bin/unwd-range-l1-r3/cortexm_common.a(vectors_cortexm.o)
                0x0000000008000456                post_startup
 .text.reset_handler_default
                0x0000000008000458       0x6c /home/obrol/RIOT/practice/UART/bin/unwd-range-l1-r3/cortexm_common.a(vectors_cortexm.o)
                0x0000000008000458                reset_handler_default
 .text.hard_fault_handler
                0x00000000080004c4      0x188 /home/obrol/RIOT/practice/UART/bin/unwd-range-l1-r3/cortexm_common.a(vectors_cortexm.o)
                0x00000000080004c4                hard_fault_handler
 .text.irq_disable
                0x000000000800064c        0x8 /home/obrol/RIOT/practice/UART/bin/unwd-range-l1-r3/cortexm_common.a(irq_arch.o)
                0x000000000800064c                irq_disable
 .text.irq_enable
                0x0000000008000654        0x8 /home/obrol/RIOT/practice/UART/bin/unwd-range-l1-r3/cortexm_common.a(irq_arch.o)
                0x0000000008000654                irq_enable
 .text.irq_restore
                0x000000000800065c        0x6 /home/obrol/RIOT/practice/UART/bin/unwd-range-l1-r3/cortexm_common.a(irq_arch.o)
                0x000000000800065c                irq_restore
 .text.irq_is_in
                0x0000000008000662        0x8 /home/obrol/RIOT/practice/UART/bin/unwd-range-l1-r3/cortexm_common.a(irq_arch.o)
                0x0000000008000662                irq_is_in
 *fill*         0x000000000800066a        0x2 
 .text.stdio_init
                0x000000000800066c       0x18 /home/obrol/RIOT/practice/UART/bin/unwd-range-l1-r3/stdio_uart.a(stdio_uart.o)
                0x000000000800066c                stdio_init
 .text.stdio_read
                0x0000000008000684       0x10 /home/obrol/RIOT/practice/UART/bin/unwd-range-l1-r3/stdio_uart.a(stdio_uart.o)
                0x0000000008000684                stdio_read
 .text.stdio_write
                0x0000000008000694       0x12 /home/obrol/RIOT/practice/UART/bin/unwd-range-l1-r3/stdio_uart.a(stdio_uart.o)
                0x0000000008000694                stdio_write
 *fill*         0x00000000080006a6        0x2 
 .text.pm_set   0x00000000080006a8      0x250 /home/obrol/RIOT/practice/UART/bin/unwd-range-l1-r3/stm32_common_periph.a(pm.o)
                0x00000000080006a8                pm_set
 .text.pm_off   0x00000000080008f8       0x14 /home/obrol/RIOT/practice/UART/bin/unwd-range-l1-r3/stm32_common_periph.a(pm.o)
                0x00000000080008f8                pm_off
 .text.irq_handler
                0x000000000800090c       0x48 /home/obrol/RIOT/practice/UART/bin/unwd-range-l1-r3/stm32_common_periph.a(uart.o)
 .text.uart_set_baudrate
                0x0000000008000954       0x8c /home/obrol/RIOT/practice/UART/bin/unwd-range-l1-r3/stm32_common_periph.a(uart.o)
                0x0000000008000954                uart_set_baudrate
 .text.uart_write
                0x00000000080009e0       0x44 /home/obrol/RIOT/practice/UART/bin/unwd-range-l1-r3/stm32_common_periph.a(uart.o)
                0x00000000080009e0                uart_write
 .text.uart_poweron
                0x0000000008000a24       0x2c /home/obrol/RIOT/practice/UART/bin/unwd-range-l1-r3/stm32_common_periph.a(uart.o)
                0x0000000008000a24                uart_poweron
 .text.uart_init
                0x0000000008000a50       0xc4 /home/obrol/RIOT/practice/UART/bin/unwd-range-l1-r3/stm32_common_periph.a(uart.o)
                0x0000000008000a50                uart_init
 .text.isr_usart1
                0x0000000008000b14        0x6 /home/obrol/RIOT/practice/UART/bin/unwd-range-l1-r3/stm32_common_periph.a(uart.o)
                0x0000000008000b14                isr_usart1
 .text.isr_usart2
                0x0000000008000b1a        0x6 /home/obrol/RIOT/practice/UART/bin/unwd-range-l1-r3/stm32_common_periph.a(uart.o)
                0x0000000008000b1a                isr_usart2
 .text.isr_usart3
                0x0000000008000b20        0x6 /home/obrol/RIOT/practice/UART/bin/unwd-range-l1-r3/stm32_common_periph.a(uart.o)
                0x0000000008000b20                isr_usart3
 .text.gpio_init
                0x0000000008000b26       0x7a /home/obrol/RIOT/practice/UART/bin/unwd-range-l1-r3/stm32_common_periph.a(gpio.o)
                0x0000000008000b26                gpio_init
 .text.gpio_init_af
                0x0000000008000ba0       0x56 /home/obrol/RIOT/practice/UART/bin/unwd-range-l1-r3/stm32_common_periph.a(gpio.o)
                0x0000000008000ba0                gpio_init_af
 .text.gpio_set
                0x0000000008000bf6       0x16 /home/obrol/RIOT/practice/UART/bin/unwd-range-l1-r3/stm32_common_periph.a(gpio.o)
                0x0000000008000bf6                gpio_set
 .text.isr_exti
                0x0000000008000c0c       0x4c /home/obrol/RIOT/practice/UART/bin/unwd-range-l1-r3/stm32_common_periph.a(gpio.o)
                0x0000000008000c0c                isr_exti
 .text.board_init
                0x0000000008000c58       0x18 /home/obrol/RIOT/practice/UART/bin/unwd-range-l1-r3/boards_common_unwd.a(board.o)
                0x0000000008000c58                board_init
 .text.panic_arch
                0x0000000008000c70        0x2 /home/obrol/RIOT/practice/UART/bin/unwd-range-l1-r3/core.a(panic.o)
                0x0000000008000c70                panic_arch
 *fill*         0x0000000008000c72        0x2 
 .text.core_panic
                0x0000000008000c74       0x44 /home/obrol/RIOT/practice/UART/bin/unwd-range-l1-r3/core.a(panic.o)
                0x0000000008000c74                core_panic
 .text.main_trampoline
                0x0000000008000cb8       0x18 /home/obrol/RIOT/practice/UART/bin/unwd-range-l1-r3/core.a(kernel_init.o)
 .text.idle_thread
                0x0000000008000cd0        0x8 /home/obrol/RIOT/practice/UART/bin/unwd-range-l1-r3/core.a(kernel_init.o)
 .text.kernel_init
                0x0000000008000cd8       0x58 /home/obrol/RIOT/practice/UART/bin/unwd-range-l1-r3/core.a(kernel_init.o)
                0x0000000008000cd8                kernel_init
 .text.thread_add_to_list
                0x0000000008000d30       0x30 /home/obrol/RIOT/practice/UART/bin/unwd-range-l1-r3/core.a(thread.o)
                0x0000000008000d30                thread_add_to_list
 .text.thread_create
                0x0000000008000d60       0xf8 /home/obrol/RIOT/practice/UART/bin/unwd-range-l1-r3/core.a(thread.o)
                0x0000000008000d60                thread_create
 .text.cpu_check_address
                0x0000000008000e58       0x38 /home/obrol/RIOT/practice/UART/bin/unwd-range-l1-r3/cortexm_common.a(cortexm_init.o)
                0x0000000008000e58                cpu_check_address
 .text.cpu_find_memory_size
                0x0000000008000e90       0x1e /home/obrol/RIOT/practice/UART/bin/unwd-range-l1-r3/cortexm_common.a(cortexm_init.o)
                0x0000000008000e90                cpu_find_memory_size
 *fill*         0x0000000008000eae        0x2 
 .text.cortexm_init
                0x0000000008000eb0       0x40 /home/obrol/RIOT/practice/UART/bin/unwd-range-l1-r3/cortexm_common.a(cortexm_init.o)
                0x0000000008000eb0                cortexm_init
 .text.isrpipe_write_one
                0x0000000008000ef0       0x16 /home/obrol/RIOT/practice/UART/bin/unwd-range-l1-r3/isrpipe.a(isrpipe.o)
                0x0000000008000ef0                isrpipe_write_one
 .text.isrpipe_read
                0x0000000008000f06       0x24 /home/obrol/RIOT/practice/UART/bin/unwd-range-l1-r3/isrpipe.a(isrpipe.o)
                0x0000000008000f06                isrpipe_read
 *fill*         0x0000000008000f2a        0x2 
 .text.pm_set_lowest
                0x0000000008000f2c       0x40 /home/obrol/RIOT/practice/UART/bin/unwd-range-l1-r3/pm_layered.a(pm.o)
                0x0000000008000f2c                pm_set_lowest
 .text.cpu_init
                0x0000000008000f6c       0x84 /home/obrol/RIOT/practice/UART/bin/unwd-range-l1-r3/stm32_common.a(cpu_init.o)
                0x0000000008000f6c                cpu_init
 .text.utils_delay
                0x0000000008000ff0        0x6 /home/obrol/RIOT/practice/UART/bin/unwd-range-l1-r3/stm32_common.a(stmclk_l0l1.o)
 *fill*         0x0000000008000ff6        0x2 
 .text.stmclk_init_sysclk
                0x0000000008000ff8      0x200 /home/obrol/RIOT/practice/UART/bin/unwd-range-l1-r3/stm32_common.a(stmclk_l0l1.o)
                0x0000000008000ff8                stmclk_init_sysclk
 .text.periph_apb_clk
                0x00000000080011f8        0xc /home/obrol/RIOT/practice/UART/bin/unwd-range-l1-r3/stm32_common.a(cpu_common.o)
                0x00000000080011f8                periph_apb_clk
 .text.periph_clk_en
                0x0000000008001204       0x30 /home/obrol/RIOT/practice/UART/bin/unwd-range-l1-r3/stm32_common.a(cpu_common.o)
                0x0000000008001204                periph_clk_en
 .text.periph_clk_dis
                0x0000000008001234       0x34 /home/obrol/RIOT/practice/UART/bin/unwd-range-l1-r3/stm32_common.a(cpu_common.o)
                0x0000000008001234                periph_clk_dis
 .text.is_periph_clk
                0x0000000008001268       0x30 /home/obrol/RIOT/practice/UART/bin/unwd-range-l1-r3/stm32_common.a(cpu_common.o)
                0x0000000008001268                is_periph_clk
 .text.cpu_init_status
                0x0000000008001298       0x78 /home/obrol/RIOT/practice/UART/bin/unwd-range-l1-r3/stm32_common.a(stm_status.o)
                0x0000000008001298                cpu_init_status
 .text._pop     0x0000000008001310       0x12 /home/obrol/RIOT/practice/UART/bin/unwd-range-l1-r3/tsrb.a(tsrb.o)
 .text.tsrb_get
                0x0000000008001322       0x26 /home/obrol/RIOT/practice/UART/bin/unwd-range-l1-r3/tsrb.a(tsrb.o)
                0x0000000008001322                tsrb_get
 .text.tsrb_add_one
                0x0000000008001348       0x26 /home/obrol/RIOT/practice/UART/bin/unwd-range-l1-r3/tsrb.a(tsrb.o)
                0x0000000008001348                tsrb_add_one
 .text.periph_init
                0x000000000800136e        0x2 /home/obrol/RIOT/practice/UART/bin/unwd-range-l1-r3/periph_common.a(init.o)
                0x000000000800136e                periph_init
 .text.receiver_thread
                0x0000000008001370       0x30 /home/obrol/RIOT/practice/UART/bin/unwd-range-l1-r3/application_traffic_lights.a(main.o)
 .text.uart_rx_callback
                0x00000000080013a0       0x1c /home/obrol/RIOT/practice/UART/bin/unwd-range-l1-r3/application_traffic_lights.a(main.o)
 .text.startup.main
                0x00000000080013bc       0x64 /home/obrol/RIOT/practice/UART/bin/unwd-range-l1-r3/application_traffic_lights.a(main.o)
                0x00000000080013bc                main
 .text.auto_init
                0x0000000008001420        0x4 /home/obrol/RIOT/practice/UART/bin/unwd-range-l1-r3/auto_init.a(auto_init.o)
                0x0000000008001420                auto_init
 .text._mutex_lock
                0x0000000008001424       0x60 /home/obrol/RIOT/practice/UART/bin/unwd-range-l1-r3/core.a(mutex.o)
                0x0000000008001424                _mutex_lock
 .text.mutex_unlock
                0x0000000008001484       0x4c /home/obrol/RIOT/practice/UART/bin/unwd-range-l1-r3/core.a(mutex.o)
                0x0000000008001484                mutex_unlock
 .text._msg_receive
                0x00000000080014d0      0x108 /home/obrol/RIOT/practice/UART/bin/unwd-range-l1-r3/core.a(msg.o)
 .text.queue_msg
                0x00000000080015d8       0x2a /home/obrol/RIOT/practice/UART/bin/unwd-range-l1-r3/core.a(msg.o)
 *fill*         0x0000000008001602        0x2 
 .text.msg_send_int
                0x0000000008001604       0x48 /home/obrol/RIOT/practice/UART/bin/unwd-range-l1-r3/core.a(msg.o)
                0x0000000008001604                msg_send_int
 .text.msg_receive
                0x000000000800164c        0x6 /home/obrol/RIOT/practice/UART/bin/unwd-range-l1-r3/core.a(msg.o)
                0x000000000800164c                msg_receive
 *fill*         0x0000000008001652        0x2 
 .text.msg_init_queue
                0x0000000008001654       0x28 /home/obrol/RIOT/practice/UART/bin/unwd-range-l1-r3/core.a(msg.o)
                0x0000000008001654                msg_init_queue
 .text._lptimer_now
                0x000000000800167c       0x18 /home/obrol/RIOT/practice/UART/bin/unwd-range-l1-r3/lptimer.a(lptimer_core.o)
 .text._lltimer_set
                0x0000000008001694       0x1c /home/obrol/RIOT/practice/UART/bin/unwd-range-l1-r3/lptimer.a(lptimer_core.o)
 .text._next_period
                0x00000000080016b0       0xc4 /home/obrol/RIOT/practice/UART/bin/unwd-range-l1-r3/lptimer.a(lptimer_core.o)
 .text._periph_timer_callback
                0x0000000008001774       0xdc /home/obrol/RIOT/practice/UART/bin/unwd-range-l1-r3/lptimer.a(lptimer_core.o)
 .text.lptimer_init
                0x0000000008001850       0x12 /home/obrol/RIOT/practice/UART/bin/unwd-range-l1-r3/lptimer.a(lptimer_core.o)
                0x0000000008001850                lptimer_init
 *fill*         0x0000000008001862        0x2 
 .text.rtt_init
                0x0000000008001864       0xa8 /home/obrol/RIOT/practice/UART/bin/unwd-range-l1-r3/stm32_common_periph.a(rtt.o)
                0x0000000008001864                rtt_init
 .text.rtt_get_counter
                0x000000000800190c       0x20 /home/obrol/RIOT/practice/UART/bin/unwd-range-l1-r3/stm32_common_periph.a(rtt.o)
                0x000000000800190c                rtt_get_counter
 .text.rtt_set_alarm
                0x000000000800192c       0x64 /home/obrol/RIOT/practice/UART/bin/unwd-range-l1-r3/stm32_common_periph.a(rtt.o)
                0x000000000800192c                rtt_set_alarm
 .text.isr_rtc_alarm
                0x0000000008001990       0x4c /home/obrol/RIOT/practice/UART/bin/unwd-range-l1-r3/stm32_common_periph.a(rtt.o)
                0x0000000008001990                isr_rtc_alarm
 .text.stmclk_dbp_unlock
                0x00000000080019dc       0x10 /home/obrol/RIOT/practice/UART/bin/unwd-range-l1-r3/stm32_common.a(stmclk_common.o)
                0x00000000080019dc                stmclk_dbp_unlock
 .text.stmclk_dbp_lock
                0x00000000080019ec       0x10 /home/obrol/RIOT/practice/UART/bin/unwd-range-l1-r3/stm32_common.a(stmclk_common.o)
                0x00000000080019ec                stmclk_dbp_lock
 .text.stmclk_enable_lfclk
                0x00000000080019fc       0x24 /home/obrol/RIOT/practice/UART/bin/unwd-range-l1-r3/stm32_common.a(stmclk_common.o)
                0x00000000080019fc                stmclk_enable_lfclk
 .text.__libc_init_array
                0x0000000008001a20       0x48 /opt/gcc-arm-none-eabi-10.3-2021.10/bin/../lib/gcc/arm-none-eabi/10.3.1/../../../../arm-none-eabi/lib/thumb/v7-m/nofp/libc_nano.a(lib_a-init.o)
                0x0000000008001a20                __libc_init_array
 .text.printf   0x0000000008001a68       0x30 /opt/gcc-arm-none-eabi-10.3-2021.10/bin/../lib/gcc/arm-none-eabi/10.3.1/../../../../arm-none-eabi/lib/thumb/v7-m/nofp/libc_nano.a(lib_a-printf.o)
                0x0000000008001a68                printf
                0x0000000008001a68                iprintf
 .text._puts_r  0x0000000008001a98       0xdc /opt/gcc-arm-none-eabi-10.3-2021.10/bin/../lib/gcc/arm-none-eabi/10.3.1/../../../../arm-none-eabi/lib/thumb/v7-m/nofp/libc_nano.a(lib_a-puts.o)
                0x0000000008001a98                _puts_r
 .text.puts     0x0000000008001b74       0x10 /opt/gcc-arm-none-eabi-10.3-2021.10/bin/../lib/gcc/arm-none-eabi/10.3.1/../../../../arm-none-eabi/lib/thumb/v7-m/nofp/libc_nano.a(lib_a-puts.o)
                0x0000000008001b74                puts
 .text.__swbuf_r
                0x0000000008001b84       0xa4 /opt/gcc-arm-none-eabi-10.3-2021.10/bin/../lib/gcc/arm-none-eabi/10.3.1/../../../../arm-none-eabi/lib/thumb/v7-m/nofp/libc_nano.a(lib_a-wbuf.o)
                0x0000000008001b84                __swbuf_r
 .text.__swsetup_r
                0x0000000008001c28       0xdc /opt/gcc-arm-none-eabi-10.3-2021.10/bin/../lib/gcc/arm-none-eabi/10.3.1/../../../../arm-none-eabi/lib/thumb/v7-m/nofp/libc_nano.a(lib_a-wsetup.o)
                0x0000000008001c28                __swsetup_r
 .text.__sflush_r
                0x0000000008001d04      0x104 /opt/gcc-arm-none-eabi-10.3-2021.10/bin/../lib/gcc/arm-none-eabi/10.3.1/../../../../arm-none-eabi/lib/thumb/v7-m/nofp/libc_nano.a(lib_a-fflush.o)
                0x0000000008001d04                __sflush_r
 .text._fflush_r
                0x0000000008001e08       0x78 /opt/gcc-arm-none-eabi-10.3-2021.10/bin/../lib/gcc/arm-none-eabi/10.3.1/../../../../arm-none-eabi/lib/thumb/v7-m/nofp/libc_nano.a(lib_a-fflush.o)
                0x0000000008001e08                _fflush_r
 .text.std      0x0000000008001e80       0x48 /opt/gcc-arm-none-eabi-10.3-2021.10/bin/../lib/gcc/arm-none-eabi/10.3.1/../../../../arm-none-eabi/lib/thumb/v7-m/nofp/libc_nano.a(lib_a-findfp.o)
 .text._cleanup_r
                0x0000000008001ec8        0xc /opt/gcc-arm-none-eabi-10.3-2021.10/bin/../lib/gcc/arm-none-eabi/10.3.1/../../../../arm-none-eabi/lib/thumb/v7-m/nofp/libc_nano.a(lib_a-findfp.o)
                0x0000000008001ec8                _cleanup_r
 .text.__sfmoreglue
                0x0000000008001ed4       0x2c /opt/gcc-arm-none-eabi-10.3-2021.10/bin/../lib/gcc/arm-none-eabi/10.3.1/../../../../arm-none-eabi/lib/thumb/v7-m/nofp/libc_nano.a(lib_a-findfp.o)
                0x0000000008001ed4                __sfmoreglue
 .text.__sfp_lock_acquire
                0x0000000008001f00        0xc /opt/gcc-arm-none-eabi-10.3-2021.10/bin/../lib/gcc/arm-none-eabi/10.3.1/../../../../arm-none-eabi/lib/thumb/v7-m/nofp/libc_nano.a(lib_a-findfp.o)
                0x0000000008001f00                __sfp_lock_acquire
 .text.__sfp_lock_release
                0x0000000008001f0c        0xc /opt/gcc-arm-none-eabi-10.3-2021.10/bin/../lib/gcc/arm-none-eabi/10.3.1/../../../../arm-none-eabi/lib/thumb/v7-m/nofp/libc_nano.a(lib_a-findfp.o)
                0x0000000008001f0c                __sfp_lock_release
 .text.__sinit_lock_acquire
                0x0000000008001f18        0xc /opt/gcc-arm-none-eabi-10.3-2021.10/bin/../lib/gcc/arm-none-eabi/10.3.1/../../../../arm-none-eabi/lib/thumb/v7-m/nofp/libc_nano.a(lib_a-findfp.o)
                0x0000000008001f18                __sinit_lock_acquire
 .text.__sinit_lock_release
                0x0000000008001f24        0xc /opt/gcc-arm-none-eabi-10.3-2021.10/bin/../lib/gcc/arm-none-eabi/10.3.1/../../../../arm-none-eabi/lib/thumb/v7-m/nofp/libc_nano.a(lib_a-findfp.o)
                0x0000000008001f24                __sinit_lock_release
 .text.__sinit  0x0000000008001f30       0x70 /opt/gcc-arm-none-eabi-10.3-2021.10/bin/../lib/gcc/arm-none-eabi/10.3.1/../../../../arm-none-eabi/lib/thumb/v7-m/nofp/libc_nano.a(lib_a-findfp.o)
                0x0000000008001f30                __sinit
 .text.__sfp    0x0000000008001fa0       0x8c /opt/gcc-arm-none-eabi-10.3-2021.10/bin/../lib/gcc/arm-none-eabi/10.3.1/../../../../arm-none-eabi/lib/thumb/v7-m/nofp/libc_nano.a(lib_a-findfp.o)
                0x0000000008001fa0                __sfp
 .text._fwalk_reent
                0x000000000800202c       0x3e /opt/gcc-arm-none-eabi-10.3-2021.10/bin/../lib/gcc/arm-none-eabi/10.3.1/../../../../arm-none-eabi/lib/thumb/v7-m/nofp/libc_nano.a(lib_a-fwalk.o)
                0x000000000800202c                _fwalk_reent
 .text.__retarget_lock_init_recursive
                0x000000000800206a        0x2 /opt/gcc-arm-none-eabi-10.3-2021.10/bin/../lib/gcc/arm-none-eabi/10.3.1/../../../../arm-none-eabi/lib/thumb/v7-m/nofp/libc_nano.a(lib_a-lock.o)
                0x000000000800206a                __retarget_lock_init_recursive
 .text.__retarget_lock_acquire_recursive
                0x000000000800206c        0x2 /opt/gcc-arm-none-eabi-10.3-2021.10/bin/../lib/gcc/arm-none-eabi/10.3.1/../../../../arm-none-eabi/lib/thumb/v7-m/nofp/libc_nano.a(lib_a-lock.o)
                0x000000000800206c                __retarget_lock_acquire_recursive
 .text.__retarget_lock_release_recursive
                0x000000000800206e        0x2 /opt/gcc-arm-none-eabi-10.3-2021.10/bin/../lib/gcc/arm-none-eabi/10.3.1/../../../../arm-none-eabi/lib/thumb/v7-m/nofp/libc_nano.a(lib_a-lock.o)
                0x000000000800206e                __retarget_lock_release_recursive
 .text.__swhatbuf_r
                0x0000000008002070       0x4a /opt/gcc-arm-none-eabi-10.3-2021.10/bin/../lib/gcc/arm-none-eabi/10.3.1/../../../../arm-none-eabi/lib/thumb/v7-m/nofp/libc_nano.a(lib_a-makebuf.o)
                0x0000000008002070                __swhatbuf_r
 *fill*         0x00000000080020ba        0x2 
 .text.__smakebuf_r
                0x00000000080020bc       0x80 /opt/gcc-arm-none-eabi-10.3-2021.10/bin/../lib/gcc/arm-none-eabi/10.3.1/../../../../arm-none-eabi/lib/thumb/v7-m/nofp/libc_nano.a(lib_a-makebuf.o)
                0x00000000080020bc                __smakebuf_r
 .text.memset   0x000000000800213c       0x10 /opt/gcc-arm-none-eabi-10.3-2021.10/bin/../lib/gcc/arm-none-eabi/10.3.1/../../../../arm-none-eabi/lib/thumb/v7-m/nofp/libc_nano.a(lib_a-memset.o)
                0x000000000800213c                memset
 .text._free_r  0x000000000800214c       0x90 /opt/gcc-arm-none-eabi-10.3-2021.10/bin/../lib/gcc/arm-none-eabi/10.3.1/../../../../arm-none-eabi/lib/thumb/v7-m/nofp/libc_nano.a(lib_a-nano-freer.o)
                0x000000000800214c                _free_r
 .text.sbrk_aligned
                0x00000000080021dc       0x40 /opt/gcc-arm-none-eabi-10.3-2021.10/bin/../lib/gcc/arm-none-eabi/10.3.1/../../../../arm-none-eabi/lib/thumb/v7-m/nofp/libc_nano.a(lib_a-nano-mallocr.o)
 .text._malloc_r
                0x000000000800221c       0xe8 /opt/gcc-arm-none-eabi-10.3-2021.10/bin/../lib/gcc/arm-none-eabi/10.3.1/../../../../arm-none-eabi/lib/thumb/v7-m/nofp/libc_nano.a(lib_a-nano-mallocr.o)
                0x000000000800221c                _malloc_r
 .text.__sfputc_r
                0x0000000008002304       0x2a /opt/gcc-arm-none-eabi-10.3-2021.10/bin/../lib/gcc/arm-none-eabi/10.3.1/../../../../arm-none-eabi/lib/thumb/v7-m/nofp/libc_nano.a(lib_a-nano-vfprintf.o)
 .text.__sfputs_r
                0x000000000800232e       0x24 /opt/gcc-arm-none-eabi-10.3-2021.10/bin/../lib/gcc/arm-none-eabi/10.3.1/../../../../arm-none-eabi/lib/thumb/v7-m/nofp/libc_nano.a(lib_a-nano-vfprintf.o)
                0x000000000800232e                __sfputs_r
 *fill*         0x0000000008002352        0x2 
 .text._vfprintf_r
                0x0000000008002354      0x260 /opt/gcc-arm-none-eabi-10.3-2021.10/bin/../lib/gcc/arm-none-eabi/10.3.1/../../../../arm-none-eabi/lib/thumb/v7-m/nofp/libc_nano.a(lib_a-nano-vfprintf.o)
                0x0000000008002354                _vfiprintf_r
                0x0000000008002354                _vfprintf_r
 .text._printf_common
                0x00000000080025b4       0xde /opt/gcc-arm-none-eabi-10.3-2021.10/bin/../lib/gcc/arm-none-eabi/10.3.1/../../../../arm-none-eabi/lib/thumb/v7-m/nofp/libc_nano.a(lib_a-nano-vfprintf_i.o)
                0x00000000080025b4                _printf_common
 *fill*         0x0000000008002692        0x2 
 .text._printf_i
                0x0000000008002694      0x24c /opt/gcc-arm-none-eabi-10.3-2021.10/bin/../lib/gcc/arm-none-eabi/10.3.1/../../../../arm-none-eabi/lib/thumb/v7-m/nofp/libc_nano.a(lib_a-nano-vfprintf_i.o)
                0x0000000008002694                _printf_i
 .text.__sread  0x00000000080028e0       0x22 /opt/gcc-arm-none-eabi-10.3-2021.10/bin/../lib/gcc/arm-none-eabi/10.3.1/../../../../arm-none-eabi/lib/thumb/v7-m/nofp/libc_nano.a(lib_a-stdio.o)
                0x00000000080028e0                __sread
 .text.__swrite
                0x0000000008002902       0x38 /opt/gcc-arm-none-eabi-10.3-2021.10/bin/../lib/gcc/arm-none-eabi/10.3.1/../../../../arm-none-eabi/lib/thumb/v7-m/nofp/libc_nano.a(lib_a-stdio.o)
                0x0000000008002902                __swrite
 .text.__sseek  0x000000000800293a       0x24 /opt/gcc-arm-none-eabi-10.3-2021.10/bin/../lib/gcc/arm-none-eabi/10.3.1/../../../../arm-none-eabi/lib/thumb/v7-m/nofp/libc_nano.a(lib_a-stdio.o)
                0x000000000800293a                __sseek
 .text.__sclose
                0x000000000800295e        0x8 /opt/gcc-arm-none-eabi-10.3-2021.10/bin/../lib/gcc/arm-none-eabi/10.3.1/../../../../arm-none-eabi/lib/thumb/v7-m/nofp/libc_nano.a(lib_a-stdio.o)
                0x000000000800295e                __sclose
 .text.memchr   0x0000000008002966       0x1c /opt/gcc-arm-none-eabi-10.3-2021.10/bin/../lib/gcc/arm-none-eabi/10.3.1/../../../../arm-none-eabi/lib/thumb/v7-m/nofp/libc_nano.a(lib_a-memchr-stub.o)
                0x0000000008002966                memchr
 *fill*         0x0000000008002982        0x2 
 .text.__malloc_lock
                0x0000000008002984        0xc /opt/gcc-arm-none-eabi-10.3-2021.10/bin/../lib/gcc/arm-none-eabi/10.3.1/../../../../arm-none-eabi/lib/thumb/v7-m/nofp/libc_nano.a(lib_a-mlock.o)
                0x0000000008002984                __malloc_lock
 .text.__malloc_unlock
                0x0000000008002990        0xc /opt/gcc-arm-none-eabi-10.3-2021.10/bin/../lib/gcc/arm-none-eabi/10.3.1/../../../../arm-none-eabi/lib/thumb/v7-m/nofp/libc_nano.a(lib_a-mlock.o)
                0x0000000008002990                __malloc_unlock
 *(.glue_7t)
 .glue_7t       0x000000000800299c        0x0 linker stubs
 *(.glue_7)
 .glue_7        0x000000000800299c        0x0 linker stubs
 *(.rodata .rodata* .gnu.linkonce.r.*)
 .rodata.nmi_default.str1.1
                0x000000000800299c        0xc /home/obrol/RIOT/practice/UART/bin/unwd-range-l1-r3/cortexm_common.a(vectors_cortexm.o)
 .rodata.mem_manage_default.str1.1
                0x00000000080029a8       0x13 /home/obrol/RIOT/practice/UART/bin/unwd-range-l1-r3/cortexm_common.a(vectors_cortexm.o)
 .rodata.bus_fault_default.str1.1
                0x00000000080029bb       0x12 /home/obrol/RIOT/practice/UART/bin/unwd-range-l1-r3/cortexm_common.a(vectors_cortexm.o)
 .rodata.usage_fault_default.str1.1
                0x00000000080029cd       0x14 /home/obrol/RIOT/practice/UART/bin/unwd-range-l1-r3/cortexm_common.a(vectors_cortexm.o)
 .rodata.debug_mon_default.str1.1
                0x00000000080029e1       0x12 /home/obrol/RIOT/practice/UART/bin/unwd-range-l1-r3/cortexm_common.a(vectors_cortexm.o)
 .rodata.dummy_handler_default.str1.1
                0x00000000080029f3        0xe /home/obrol/RIOT/practice/UART/bin/unwd-range-l1-r3/cortexm_common.a(vectors_cortexm.o)
 .rodata.hard_fault_handler.str1.1
                0x0000000008002a01      0x1f4 /home/obrol/RIOT/practice/UART/bin/unwd-range-l1-r3/cortexm_common.a(vectors_cortexm.o)
 *fill*         0x0000000008002bf5        0x3 
 .rodata.uart_config
                0x0000000008002bf8       0x48 /home/obrol/RIOT/practice/UART/bin/unwd-range-l1-r3/stm32_common_periph.a(pm.o)
 .rodata.uart_config
                0x0000000008002c40       0x48 /home/obrol/RIOT/practice/UART/bin/unwd-range-l1-r3/stm32_common_periph.a(uart.o)
 .rodata.core_panic.str1.1
                0x0000000008002c88       0x2e /home/obrol/RIOT/practice/UART/bin/unwd-range-l1-r3/core.a(panic.o)
 .rodata.assert_crash_message
                0x0000000008002cb6       0x12 /home/obrol/RIOT/practice/UART/bin/unwd-range-l1-r3/core.a(panic.o)
                0x0000000008002cb6                assert_crash_message
 .rodata.main_trampoline.str1.1
                0x0000000008002cc8       0x30 /home/obrol/RIOT/practice/UART/bin/unwd-range-l1-r3/core.a(kernel_init.o)
 .rodata.str1.1
                0x0000000008002cf8        0xa /home/obrol/RIOT/practice/UART/bin/unwd-range-l1-r3/core.a(kernel_init.o)
 .rodata.CSWTCH.1
                0x0000000008002d02       0x22 /home/obrol/RIOT/practice/UART/bin/unwd-range-l1-r3/stm32_common.a(stm_status.o)
 .rodata.receiver_thread.str1.1
                0x0000000008002d24       0x24 /home/obrol/RIOT/practice/UART/bin/unwd-range-l1-r3/application_traffic_lights.a(main.o)
 .rodata.main.str1.1
                0x0000000008002d48       0x3a /home/obrol/RIOT/practice/UART/bin/unwd-range-l1-r3/application_traffic_lights.a(main.o)
 *fill*         0x0000000008002d82        0x2 
 .rodata._global_impure_ptr
                0x0000000008002d84        0x4 /opt/gcc-arm-none-eabi-10.3-2021.10/bin/../lib/gcc/arm-none-eabi/10.3.1/../../../../arm-none-eabi/lib/thumb/v7-m/nofp/libc_nano.a(lib_a-impure.o)
                0x0000000008002d84                _global_impure_ptr
 .rodata.__sf_fake_stderr
                0x0000000008002d88       0x20 /opt/gcc-arm-none-eabi-10.3-2021.10/bin/../lib/gcc/arm-none-eabi/10.3.1/../../../../arm-none-eabi/lib/thumb/v7-m/nofp/libc_nano.a(lib_a-findfp.o)
                0x0000000008002d88                __sf_fake_stderr
 .rodata.__sf_fake_stdin
                0x0000000008002da8       0x20 /opt/gcc-arm-none-eabi-10.3-2021.10/bin/../lib/gcc/arm-none-eabi/10.3.1/../../../../arm-none-eabi/lib/thumb/v7-m/nofp/libc_nano.a(lib_a-findfp.o)
                0x0000000008002da8                __sf_fake_stdin
 .rodata.__sf_fake_stdout
                0x0000000008002dc8       0x20 /opt/gcc-arm-none-eabi-10.3-2021.10/bin/../lib/gcc/arm-none-eabi/10.3.1/../../../../arm-none-eabi/lib/thumb/v7-m/nofp/libc_nano.a(lib_a-findfp.o)
                0x0000000008002dc8                __sf_fake_stdout
 .rodata._vfprintf_r.str1.1
                0x0000000008002de8       0x11 /opt/gcc-arm-none-eabi-10.3-2021.10/bin/../lib/gcc/arm-none-eabi/10.3.1/../../../../arm-none-eabi/lib/thumb/v7-m/nofp/libc_nano.a(lib_a-nano-vfprintf.o)
 .rodata._printf_i.str1.1
                0x0000000008002df9       0x22 /opt/gcc-arm-none-eabi-10.3-2021.10/bin/../lib/gcc/arm-none-eabi/10.3.1/../../../../arm-none-eabi/lib/thumb/v7-m/nofp/libc_nano.a(lib_a-nano-vfprintf_i.o)
 *(.ARM.extab* .gnu.linkonce.armextab.*)
                0x0000000008002e1c                . = ALIGN (0x4)
 *fill*         0x0000000008002e1b        0x1 
 *(.init)
                0x0000000008002e1c                . = ALIGN (0x4)
                0x0000000008002e1c                __preinit_array_start = .
 *(.preinit_array)
                0x0000000008002e1c                __preinit_array_end = .
                0x0000000008002e1c                . = ALIGN (0x4)
                0x0000000008002e1c                __init_array_start = .
 *(SORT_BY_NAME(.init_array.*))
 *(.init_array)
                0x0000000008002e1c                __init_array_end = .
                0x0000000008002e1c                . = ALIGN (0x4)
 *crtbegin.o(.ctors)
 *(EXCLUDE_FILE(*crtend.o) .ctors)
 *(SORT_BY_NAME(.ctors.*))
 *crtend.o(.ctors)
                0x0000000008002e1c                . = ALIGN (0x4)
 *(.fini)
                0x0000000008002e1c                . = ALIGN (0x4)
                0x0000000008002e1c                __fini_array_start = .
 *(.fini_array)
 *(SORT_BY_NAME(.fini_array.*))
                0x0000000008002e1c                __fini_array_end = .
 *crtbegin.o(.dtors)
 *(EXCLUDE_FILE(*crtend.o) .dtors)
 *(SORT_BY_NAME(.dtors.*))
 *crtend.o(.dtors)
                0x0000000008002e1c                . = ALIGN (0x4)
                0x0000000008002e1c                _efixed = .
                [!provide]                        PROVIDE (__exidx_start = .)

.vfp11_veneer   0x0000000008002e1c        0x0
 .vfp11_veneer  0x0000000008002e1c        0x0 linker stubs

.v4_bx          0x0000000008002e1c        0x0
 .v4_bx         0x0000000008002e1c        0x0 linker stubs

.iplt           0x0000000008002e1c        0x0
 .iplt          0x0000000008002e1c        0x0 /home/obrol/RIOT/practice/UART/bin/unwd-range-l1-r3/cpu/vectors.o

.igot.plt       0x0000000008002e1c        0x0
 .igot.plt      0x0000000008002e1c        0x0 /home/obrol/RIOT/practice/UART/bin/unwd-range-l1-r3/cpu/vectors.o

.rel.dyn        0x0000000008002e1c        0x0
 .rel.iplt      0x0000000008002e1c        0x0 /home/obrol/RIOT/practice/UART/bin/unwd-range-l1-r3/cpu/vectors.o

.ARM.exidx
 *(.ARM.exidx* .gnu.linkonce.armexidx.*)
                [!provide]                        PROVIDE (__exidx_end = .)
                0x0000000008002e1c                . = ALIGN (0x4)

.eh_frame
 *(.eh_frame)
                0x0000000008002e1c                . = ALIGN (0x4)
                0x0000000008002e1c                _etext = .

.stack          0x0000000020000000      0x200
 *(.puf)
                0x0000000020000000                . = ALIGN (0x8)
                0x0000000020000000                _sstack = .
 *(.isr_stack)
 .isr_stack     0x0000000020000000      0x200 /home/obrol/RIOT/practice/UART/bin/unwd-range-l1-r3/cortexm_common.a(vectors_cortexm.o)
                0x0000000020000000                isr_stack
                0x0000000020000200                . = ALIGN (0x8)
                0x0000000020000200                _estack = .

.relocate       0x0000000020000200       0x8c load address 0x0000000008002e1c
                0x0000000020000200                . = ALIGN (0x4)
                0x0000000020000200                _srelocate = .
 *(.ramfunc .ramfunc.*)
 *(.data .data.*)
 .data.heap_top
                0x0000000020000200        0x4 /home/obrol/RIOT/practice/UART/bin/unwd-range-l1-r3/newlib_syscalls_default/syscalls.o
                0x0000000020000200                heap_top
 .data.stdio_uart_isrpipe
                0x0000000020000204       0x14 /home/obrol/RIOT/practice/UART/bin/unwd-range-l1-r3/stdio_uart.a(stdio_uart.o)
                0x0000000020000204                stdio_uart_isrpipe
 .data.idle_name
                0x0000000020000218        0x4 /home/obrol/RIOT/practice/UART/bin/unwd-range-l1-r3/core.a(kernel_init.o)
                0x0000000020000218                idle_name
 .data.main_name
                0x000000002000021c        0x4 /home/obrol/RIOT/practice/UART/bin/unwd-range-l1-r3/core.a(kernel_init.o)
                0x000000002000021c                main_name
 .data.pm_blocker
                0x0000000020000220        0x4 /home/obrol/RIOT/practice/UART/bin/unwd-range-l1-r3/pm_layered.a(pm.o)
                0x0000000020000220                pm_blocker
 .data._impure_ptr
                0x0000000020000224        0x4 /opt/gcc-arm-none-eabi-10.3-2021.10/bin/../lib/gcc/arm-none-eabi/10.3.1/../../../../arm-none-eabi/lib/thumb/v7-m/nofp/libc_nano.a(lib_a-impure.o)
                0x0000000020000224                _impure_ptr
 .data.impure_data
                0x0000000020000228       0x60 /opt/gcc-arm-none-eabi-10.3-2021.10/bin/../lib/gcc/arm-none-eabi/10.3.1/../../../../arm-none-eabi/lib/thumb/v7-m/nofp/libc_nano.a(lib_a-impure.o)
 *(.openocd .openocd.*)
 .openocd       0x0000000020000288        0x2 /home/obrol/RIOT/practice/UART/bin/unwd-range-l1-r3/core.a(sched.o)
                0x0000000020000288                _tcb_name_offset
                0x0000000020000289                max_threads
                0x000000002000028c                . = ALIGN (0x4)
 *fill*         0x000000002000028a        0x2 
                0x000000002000028c                _erelocate = .

.noinit         0x000000002000028c        0x0 load address 0x0000000008002ea8
                0x000000002000028c                __noinit_start = .
 *(.noinit)
                0x000000002000028c                . = ALIGN (0x4)
                0x000000002000028c                __noinit_end = .

.bss            0x000000002000028c     0x1600 load address 0x0000000008002ea8
                0x000000002000028c                . = ALIGN (0x4)
                0x000000002000028c                _sbss = .
                0x000000002000028c                _szero = .
 *(.bss .bss.*)
 .bss.runqueue_bitcache
                0x000000002000028c        0x4 /home/obrol/RIOT/practice/UART/bin/unwd-range-l1-r3/core.a(sched.o)
 .bss.sched_active_pid
                0x0000000020000290        0x2 /home/obrol/RIOT/practice/UART/bin/unwd-range-l1-r3/core.a(sched.o)
                0x0000000020000290                sched_active_pid
 *fill*         0x0000000020000292        0x2 
 .bss.sched_active_thread
                0x0000000020000294        0x4 /home/obrol/RIOT/practice/UART/bin/unwd-range-l1-r3/core.a(sched.o)
                0x0000000020000294                sched_active_thread
 .bss.sched_context_switch_request
                0x0000000020000298        0x4 /home/obrol/RIOT/practice/UART/bin/unwd-range-l1-r3/core.a(sched.o)
                0x0000000020000298                sched_context_switch_request
 .bss.sched_num_threads
                0x000000002000029c        0x4 /home/obrol/RIOT/practice/UART/bin/unwd-range-l1-r3/core.a(sched.o)
                0x000000002000029c                sched_num_threads
 .bss.sched_runqueues
                0x00000000200002a0       0x40 /home/obrol/RIOT/practice/UART/bin/unwd-range-l1-r3/core.a(sched.o)
                0x00000000200002a0                sched_runqueues
 .bss.sched_threads
                0x00000000200002e0       0x84 /home/obrol/RIOT/practice/UART/bin/unwd-range-l1-r3/core.a(sched.o)
                0x00000000200002e0                sched_threads
 .bss._rx_buf_mem
                0x0000000020000364       0x40 /home/obrol/RIOT/practice/UART/bin/unwd-range-l1-r3/stdio_uart.a(stdio_uart.o)
 .bss.lpm_gpio_brr
                0x00000000200003a4       0x10 /home/obrol/RIOT/practice/UART/bin/unwd-range-l1-r3/stm32_common_periph.a(pm.o)
 .bss.lpm_gpio_moder
                0x00000000200003b4       0x20 /home/obrol/RIOT/practice/UART/bin/unwd-range-l1-r3/stm32_common_periph.a(pm.o)
 .bss.lpm_gpio_otyper
                0x00000000200003d4       0x10 /home/obrol/RIOT/practice/UART/bin/unwd-range-l1-r3/stm32_common_periph.a(pm.o)
 .bss.lpm_gpio_pupdr
                0x00000000200003e4       0x20 /home/obrol/RIOT/practice/UART/bin/unwd-range-l1-r3/stm32_common_periph.a(pm.o)
 .bss.lpm_usart
                0x0000000020000404        0x3 /home/obrol/RIOT/practice/UART/bin/unwd-range-l1-r3/stm32_common_periph.a(pm.o)
 .bss.powermode
                0x0000000020000407        0x1 /home/obrol/RIOT/practice/UART/bin/unwd-range-l1-r3/stm32_common_periph.a(pm.o)
 .bss.isr_ctx   0x0000000020000408       0x24 /home/obrol/RIOT/practice/UART/bin/unwd-range-l1-r3/stm32_common_periph.a(uart.o)
 .bss.isr_ctx   0x000000002000042c       0x80 /home/obrol/RIOT/practice/UART/bin/unwd-range-l1-r3/stm32_common_periph.a(gpio.o)
 .bss.crashed   0x00000000200004ac        0x4 /home/obrol/RIOT/practice/UART/bin/unwd-range-l1-r3/core.a(panic.o)
 .bss.idle_stack
                0x00000000200004b0      0x100 /home/obrol/RIOT/practice/UART/bin/unwd-range-l1-r3/core.a(kernel_init.o)
 .bss.main_stack
                0x00000000200005b0      0xc00 /home/obrol/RIOT/practice/UART/bin/unwd-range-l1-r3/core.a(kernel_init.o)
 .bss.clock_source_rdy
                0x00000000200011b0        0x4 /home/obrol/RIOT/practice/UART/bin/unwd-range-l1-r3/stm32_common.a(stmclk_l0l1.o)
 .bss.cpu_status
                0x00000000200011b4       0x28 /home/obrol/RIOT/practice/UART/bin/unwd-range-l1-r3/stm32_common.a(stm_status.o)
                0x00000000200011b4                cpu_status
 .bss.rcv_queue
                0x00000000200011dc       0x80 /home/obrol/RIOT/practice/UART/bin/unwd-range-l1-r3/application_traffic_lights.a(main.o)
 .bss.receiver_thread_pid
                0x000000002000125c        0x2 /home/obrol/RIOT/practice/UART/bin/unwd-range-l1-r3/application_traffic_lights.a(main.o)
 .bss.receiver_thread_stack
                0x000000002000125e      0x600 /home/obrol/RIOT/practice/UART/bin/unwd-range-l1-r3/application_traffic_lights.a(main.o)
 *fill*         0x000000002000185e        0x2 
 .bss._in_handler
                0x0000000020001860        0x4 /home/obrol/RIOT/practice/UART/bin/unwd-range-l1-r3/lptimer.a(lptimer_core.o)
 .bss._long_cnt
                0x0000000020001864        0x4 /home/obrol/RIOT/practice/UART/bin/unwd-range-l1-r3/lptimer.a(lptimer_core.o)
 .bss._lptimer_high_cnt
                0x0000000020001868        0x4 /home/obrol/RIOT/practice/UART/bin/unwd-range-l1-r3/lptimer.a(lptimer_core.o)
                0x0000000020001868                _lptimer_high_cnt
 .bss.long_list_head
                0x000000002000186c        0x4 /home/obrol/RIOT/practice/UART/bin/unwd-range-l1-r3/lptimer.a(lptimer_core.o)
 .bss.overflow_list_head
                0x0000000020001870        0x4 /home/obrol/RIOT/practice/UART/bin/unwd-range-l1-r3/lptimer.a(lptimer_core.o)
 .bss.timer_list_head
                0x0000000020001874        0x4 /home/obrol/RIOT/practice/UART/bin/unwd-range-l1-r3/lptimer.a(lptimer_core.o)
 .bss.arg_a     0x0000000020001878        0x4 /home/obrol/RIOT/practice/UART/bin/unwd-range-l1-r3/stm32_common_periph.a(rtt.o)
                0x0000000020001878                arg_a
 .bss.cb_a      0x000000002000187c        0x4 /home/obrol/RIOT/practice/UART/bin/unwd-range-l1-r3/stm32_common_periph.a(rtt.o)
                0x000000002000187c                cb_a
 .bss.__lock___malloc_recursive_mutex
                0x0000000020001880        0x1 /opt/gcc-arm-none-eabi-10.3-2021.10/bin/../lib/gcc/arm-none-eabi/10.3.1/../../../../arm-none-eabi/lib/thumb/v7-m/nofp/libc_nano.a(lib_a-lock.o)
                0x0000000020001880                __lock___malloc_recursive_mutex
 .bss.__lock___sfp_recursive_mutex
                0x0000000020001881        0x1 /opt/gcc-arm-none-eabi-10.3-2021.10/bin/../lib/gcc/arm-none-eabi/10.3.1/../../../../arm-none-eabi/lib/thumb/v7-m/nofp/libc_nano.a(lib_a-lock.o)
                0x0000000020001881                __lock___sfp_recursive_mutex
 .bss.__lock___sinit_recursive_mutex
                0x0000000020001882        0x1 /opt/gcc-arm-none-eabi-10.3-2021.10/bin/../lib/gcc/arm-none-eabi/10.3.1/../../../../arm-none-eabi/lib/thumb/v7-m/nofp/libc_nano.a(lib_a-lock.o)
                0x0000000020001882                __lock___sinit_recursive_mutex
 *fill*         0x0000000020001883        0x1 
 .bss.__malloc_free_list
                0x0000000020001884        0x4 /opt/gcc-arm-none-eabi-10.3-2021.10/bin/../lib/gcc/arm-none-eabi/10.3.1/../../../../arm-none-eabi/lib/thumb/v7-m/nofp/libc_nano.a(lib_a-nano-mallocr.o)
                0x0000000020001884                __malloc_free_list
 .bss.__malloc_sbrk_start
                0x0000000020001888        0x4 /opt/gcc-arm-none-eabi-10.3-2021.10/bin/../lib/gcc/arm-none-eabi/10.3.1/../../../../arm-none-eabi/lib/thumb/v7-m/nofp/libc_nano.a(lib_a-nano-mallocr.o)
                0x0000000020001888                __malloc_sbrk_start
 *(COMMON)
                0x000000002000188c                . = ALIGN (0x4)
                0x000000002000188c                _ebss = .
                0x000000002000188c                _ezero = .
                0x000000002000188c                . = ALIGN (0x4)
                0x000000002000188c                _sheap = .
                0x0000000020014000                _eheap = (ORIGIN (ram) + LENGTH (ram))
                0x0000000020000000                _sram = ORIGIN (ram)
                0x0000000020014000                _eram = (ORIGIN (ram) + LENGTH (ram))
OUTPUT(/home/obrol/RIOT/practice/UART/bin/unwd-range-l1-r3/traffic_lights.elf elf32-littlearm)
LOAD linker stubs

.debug_info     0x0000000000000000    0x18daf
 .debug_info    0x0000000000000000       0xdb /home/obrol/RIOT/practice/UART/bin/unwd-range-l1-r3/cpu/vectors.o
 .debug_info    0x00000000000000db     0x10fe /home/obrol/RIOT/practice/UART/bin/unwd-range-l1-r3/newlib_syscalls_default/syscalls.o
 .debug_info    0x00000000000011d9      0x717 /home/obrol/RIOT/practice/UART/bin/unwd-range-l1-r3/core.a(sched.o)
 .debug_info    0x00000000000018f0      0x7df /home/obrol/RIOT/practice/UART/bin/unwd-range-l1-r3/cortexm_common.a(thread_arch.o)
 .debug_info    0x00000000000020cf      0xa3f /home/obrol/RIOT/practice/UART/bin/unwd-range-l1-r3/cortexm_common.a(vectors_cortexm.o)
 .debug_info    0x0000000000002b0e      0x23f /home/obrol/RIOT/practice/UART/bin/unwd-range-l1-r3/cortexm_common.a(irq_arch.o)
 .debug_info    0x0000000000002d4d      0xfb1 /home/obrol/RIOT/practice/UART/bin/unwd-range-l1-r3/stdio_uart.a(stdio_uart.o)
 .debug_info    0x0000000000003cfe     0x16c0 /home/obrol/RIOT/practice/UART/bin/unwd-range-l1-r3/stm32_common_periph.a(pm.o)
 .debug_info    0x00000000000053be     0x1a0b /home/obrol/RIOT/practice/UART/bin/unwd-range-l1-r3/stm32_common_periph.a(uart.o)
 .debug_info    0x0000000000006dc9     0x1d38 /home/obrol/RIOT/practice/UART/bin/unwd-range-l1-r3/stm32_common_periph.a(gpio.o)
 .debug_info    0x0000000000008b01      0xdff /home/obrol/RIOT/practice/UART/bin/unwd-range-l1-r3/boards_common_unwd.a(board.o)
 .debug_info    0x0000000000009900      0x2a6 /home/obrol/RIOT/practice/UART/bin/unwd-range-l1-r3/core.a(panic.o)
 .debug_info    0x0000000000009ba6      0x2b8 /home/obrol/RIOT/practice/UART/bin/unwd-range-l1-r3/core.a(kernel_init.o)
 .debug_info    0x0000000000009e5e      0xac9 /home/obrol/RIOT/practice/UART/bin/unwd-range-l1-r3/core.a(thread.o)
 .debug_info    0x000000000000a927      0x8e4 /home/obrol/RIOT/practice/UART/bin/unwd-range-l1-r3/cortexm_common.a(cortexm_init.o)
 .debug_info    0x000000000000b20b     0x14b3 /home/obrol/RIOT/practice/UART/bin/unwd-range-l1-r3/isrpipe.a(isrpipe.o)
 .debug_info    0x000000000000c6be      0x2a5 /home/obrol/RIOT/practice/UART/bin/unwd-range-l1-r3/pm_layered.a(pm.o)
 .debug_info    0x000000000000c963     0x1057 /home/obrol/RIOT/practice/UART/bin/unwd-range-l1-r3/stm32_common.a(cpu_init.o)
 .debug_info    0x000000000000d9ba     0x11ca /home/obrol/RIOT/practice/UART/bin/unwd-range-l1-r3/stm32_common.a(stmclk_l0l1.o)
 .debug_info    0x000000000000eb84     0x115f /home/obrol/RIOT/practice/UART/bin/unwd-range-l1-r3/stm32_common.a(cpu_common.o)
 .debug_info    0x000000000000fce3     0x1099 /home/obrol/RIOT/practice/UART/bin/unwd-range-l1-r3/stm32_common.a(stm_status.o)
 .debug_info    0x0000000000010d7c      0x418 /home/obrol/RIOT/practice/UART/bin/unwd-range-l1-r3/tsrb.a(tsrb.o)
 .debug_info    0x0000000000011194       0x3c /home/obrol/RIOT/practice/UART/bin/unwd-range-l1-r3/periph_common.a(init.o)
 .debug_info    0x00000000000111d0     0x1044 /home/obrol/RIOT/practice/UART/bin/unwd-range-l1-r3/application_traffic_lights.a(main.o)
 .debug_info    0x0000000000012214      0xd86 /home/obrol/RIOT/practice/UART/bin/unwd-range-l1-r3/auto_init.a(auto_init.o)
 .debug_info    0x0000000000012f9a      0x726 /home/obrol/RIOT/practice/UART/bin/unwd-range-l1-r3/core.a(mutex.o)
 .debug_info    0x00000000000136c0     0x11f1 /home/obrol/RIOT/practice/UART/bin/unwd-range-l1-r3/core.a(msg.o)
 .debug_info    0x00000000000148b1     0x1ed2 /home/obrol/RIOT/practice/UART/bin/unwd-range-l1-r3/lptimer.a(lptimer_core.o)
 .debug_info    0x0000000000016783     0x174d /home/obrol/RIOT/practice/UART/bin/unwd-range-l1-r3/stm32_common_periph.a(rtt.o)
 .debug_info    0x0000000000017ed0      0xedf /home/obrol/RIOT/practice/UART/bin/unwd-range-l1-r3/stm32_common.a(stmclk_common.o)

.debug_abbrev   0x0000000000000000     0x4b03
 .debug_abbrev  0x0000000000000000       0xb5 /home/obrol/RIOT/practice/UART/bin/unwd-range-l1-r3/cpu/vectors.o
 .debug_abbrev  0x00000000000000b5      0x3ad /home/obrol/RIOT/practice/UART/bin/unwd-range-l1-r3/newlib_syscalls_default/syscalls.o
 .debug_abbrev  0x0000000000000462      0x2f8 /home/obrol/RIOT/practice/UART/bin/unwd-range-l1-r3/core.a(sched.o)
 .debug_abbrev  0x000000000000075a      0x31b /home/obrol/RIOT/practice/UART/bin/unwd-range-l1-r3/cortexm_common.a(thread_arch.o)
 .debug_abbrev  0x0000000000000a75      0x333 /home/obrol/RIOT/practice/UART/bin/unwd-range-l1-r3/cortexm_common.a(vectors_cortexm.o)
 .debug_abbrev  0x0000000000000da8      0x172 /home/obrol/RIOT/practice/UART/bin/unwd-range-l1-r3/cortexm_common.a(irq_arch.o)
 .debug_abbrev  0x0000000000000f1a      0x212 /home/obrol/RIOT/practice/UART/bin/unwd-range-l1-r3/stdio_uart.a(stdio_uart.o)
 .debug_abbrev  0x000000000000112c      0x374 /home/obrol/RIOT/practice/UART/bin/unwd-range-l1-r3/stm32_common_periph.a(pm.o)
 .debug_abbrev  0x00000000000014a0      0x43c /home/obrol/RIOT/practice/UART/bin/unwd-range-l1-r3/stm32_common_periph.a(uart.o)
 .debug_abbrev  0x00000000000018dc      0x4a5 /home/obrol/RIOT/practice/UART/bin/unwd-range-l1-r3/stm32_common_periph.a(gpio.o)
 .debug_abbrev  0x0000000000001d81      0x17b /home/obrol/RIOT/practice/UART/bin/unwd-range-l1-r3/boards_common_unwd.a(board.o)
 .debug_abbrev  0x0000000000001efc      0x183 /home/obrol/RIOT/practice/UART/bin/unwd-range-l1-r3/core.a(panic.o)
 .debug_abbrev  0x000000000000207f      0x144 /home/obrol/RIOT/practice/UART/bin/unwd-range-l1-r3/core.a(kernel_init.o)
 .debug_abbrev  0x00000000000021c3      0x304 /home/obrol/RIOT/practice/UART/bin/unwd-range-l1-r3/core.a(thread.o)
 .debug_abbrev  0x00000000000024c7      0x2c8 /home/obrol/RIOT/practice/UART/bin/unwd-range-l1-r3/cortexm_common.a(cortexm_init.o)
 .debug_abbrev  0x000000000000278f      0x31a /home/obrol/RIOT/practice/UART/bin/unwd-range-l1-r3/isrpipe.a(isrpipe.o)
 .debug_abbrev  0x0000000000002aa9      0x13b /home/obrol/RIOT/practice/UART/bin/unwd-range-l1-r3/pm_layered.a(pm.o)
 .debug_abbrev  0x0000000000002be4      0x1cc /home/obrol/RIOT/practice/UART/bin/unwd-range-l1-r3/stm32_common.a(cpu_init.o)
 .debug_abbrev  0x0000000000002db0      0x203 /home/obrol/RIOT/practice/UART/bin/unwd-range-l1-r3/stm32_common.a(stmclk_l0l1.o)
 .debug_abbrev  0x0000000000002fb3      0x27a /home/obrol/RIOT/practice/UART/bin/unwd-range-l1-r3/stm32_common.a(cpu_common.o)
 .debug_abbrev  0x000000000000322d      0x20e /home/obrol/RIOT/practice/UART/bin/unwd-range-l1-r3/stm32_common.a(stm_status.o)
 .debug_abbrev  0x000000000000343b      0x1a8 /home/obrol/RIOT/practice/UART/bin/unwd-range-l1-r3/tsrb.a(tsrb.o)
 .debug_abbrev  0x00000000000035e3       0x31 /home/obrol/RIOT/practice/UART/bin/unwd-range-l1-r3/periph_common.a(init.o)
 .debug_abbrev  0x0000000000003614      0x269 /home/obrol/RIOT/practice/UART/bin/unwd-range-l1-r3/application_traffic_lights.a(main.o)
 .debug_abbrev  0x000000000000387d      0x16f /home/obrol/RIOT/practice/UART/bin/unwd-range-l1-r3/auto_init.a(auto_init.o)
 .debug_abbrev  0x00000000000039ec      0x26a /home/obrol/RIOT/practice/UART/bin/unwd-range-l1-r3/core.a(mutex.o)
 .debug_abbrev  0x0000000000003c56      0x41d /home/obrol/RIOT/practice/UART/bin/unwd-range-l1-r3/core.a(msg.o)
 .debug_abbrev  0x0000000000004073      0x5cd /home/obrol/RIOT/practice/UART/bin/unwd-range-l1-r3/lptimer.a(lptimer_core.o)
 .debug_abbrev  0x0000000000004640      0x34d /home/obrol/RIOT/practice/UART/bin/unwd-range-l1-r3/stm32_common_periph.a(rtt.o)
 .debug_abbrev  0x000000000000498d      0x176 /home/obrol/RIOT/practice/UART/bin/unwd-range-l1-r3/stm32_common.a(stmclk_common.o)

.debug_aranges  0x0000000000000000      0x830
 .debug_aranges
                0x0000000000000000       0x20 /home/obrol/RIOT/practice/UART/bin/unwd-range-l1-r3/cpu/vectors.o
 .debug_aranges
                0x0000000000000020       0xb0 /home/obrol/RIOT/practice/UART/bin/unwd-range-l1-r3/newlib_syscalls_default/syscalls.o
 .debug_aranges
                0x00000000000000d0       0x38 /home/obrol/RIOT/practice/UART/bin/unwd-range-l1-r3/core.a(sched.o)
 .debug_aranges
                0x0000000000000108       0x60 /home/obrol/RIOT/practice/UART/bin/unwd-range-l1-r3/cortexm_common.a(thread_arch.o)
 .debug_aranges
                0x0000000000000168       0x68 /home/obrol/RIOT/practice/UART/bin/unwd-range-l1-r3/cortexm_common.a(vectors_cortexm.o)
 .debug_aranges
                0x00000000000001d0       0x38 /home/obrol/RIOT/practice/UART/bin/unwd-range-l1-r3/cortexm_common.a(irq_arch.o)
 .debug_aranges
                0x0000000000000208       0x30 /home/obrol/RIOT/practice/UART/bin/unwd-range-l1-r3/stdio_uart.a(stdio_uart.o)
 .debug_aranges
                0x0000000000000238       0x38 /home/obrol/RIOT/practice/UART/bin/unwd-range-l1-r3/stm32_common_periph.a(pm.o)
 .debug_aranges
                0x0000000000000270       0x68 /home/obrol/RIOT/practice/UART/bin/unwd-range-l1-r3/stm32_common_periph.a(uart.o)
 .debug_aranges
                0x00000000000002d8       0x80 /home/obrol/RIOT/practice/UART/bin/unwd-range-l1-r3/stm32_common_periph.a(gpio.o)
 .debug_aranges
                0x0000000000000358       0x20 /home/obrol/RIOT/practice/UART/bin/unwd-range-l1-r3/boards_common_unwd.a(board.o)
 .debug_aranges
                0x0000000000000378       0x28 /home/obrol/RIOT/practice/UART/bin/unwd-range-l1-r3/core.a(panic.o)
 .debug_aranges
                0x00000000000003a0       0x30 /home/obrol/RIOT/practice/UART/bin/unwd-range-l1-r3/core.a(kernel_init.o)
 .debug_aranges
                0x00000000000003d0       0x60 /home/obrol/RIOT/practice/UART/bin/unwd-range-l1-r3/core.a(thread.o)
 .debug_aranges
                0x0000000000000430       0x38 /home/obrol/RIOT/practice/UART/bin/unwd-range-l1-r3/cortexm_common.a(cortexm_init.o)
 .debug_aranges
                0x0000000000000468       0x48 /home/obrol/RIOT/practice/UART/bin/unwd-range-l1-r3/isrpipe.a(isrpipe.o)
 .debug_aranges
                0x00000000000004b0       0x30 /home/obrol/RIOT/practice/UART/bin/unwd-range-l1-r3/pm_layered.a(pm.o)
 .debug_aranges
                0x00000000000004e0       0x20 /home/obrol/RIOT/practice/UART/bin/unwd-range-l1-r3/stm32_common.a(cpu_init.o)
 .debug_aranges
                0x0000000000000500       0x30 /home/obrol/RIOT/practice/UART/bin/unwd-range-l1-r3/stm32_common.a(stmclk_l0l1.o)
 .debug_aranges
                0x0000000000000530       0x40 /home/obrol/RIOT/practice/UART/bin/unwd-range-l1-r3/stm32_common.a(cpu_common.o)
 .debug_aranges
                0x0000000000000570       0x20 /home/obrol/RIOT/practice/UART/bin/unwd-range-l1-r3/stm32_common.a(stm_status.o)
 .debug_aranges
                0x0000000000000590       0x48 /home/obrol/RIOT/practice/UART/bin/unwd-range-l1-r3/tsrb.a(tsrb.o)
 .debug_aranges
                0x00000000000005d8       0x20 /home/obrol/RIOT/practice/UART/bin/unwd-range-l1-r3/periph_common.a(init.o)
 .debug_aranges
                0x00000000000005f8       0x30 /home/obrol/RIOT/practice/UART/bin/unwd-range-l1-r3/application_traffic_lights.a(main.o)
 .debug_aranges
                0x0000000000000628       0x20 /home/obrol/RIOT/practice/UART/bin/unwd-range-l1-r3/auto_init.a(auto_init.o)
 .debug_aranges
                0x0000000000000648       0x30 /home/obrol/RIOT/practice/UART/bin/unwd-range-l1-r3/core.a(mutex.o)
 .debug_aranges
                0x0000000000000678       0x90 /home/obrol/RIOT/practice/UART/bin/unwd-range-l1-r3/core.a(msg.o)
 .debug_aranges
                0x0000000000000708       0x80 /home/obrol/RIOT/practice/UART/bin/unwd-range-l1-r3/lptimer.a(lptimer_core.o)
 .debug_aranges
                0x0000000000000788       0x60 /home/obrol/RIOT/practice/UART/bin/unwd-range-l1-r3/stm32_common_periph.a(rtt.o)
 .debug_aranges
                0x00000000000007e8       0x48 /home/obrol/RIOT/practice/UART/bin/unwd-range-l1-r3/stm32_common.a(stmclk_common.o)

.debug_ranges   0x0000000000000000     0x11e8
 .debug_ranges  0x0000000000000000       0x10 /home/obrol/RIOT/practice/UART/bin/unwd-range-l1-r3/cpu/vectors.o
 .debug_ranges  0x0000000000000010       0xa0 /home/obrol/RIOT/practice/UART/bin/unwd-range-l1-r3/newlib_syscalls_default/syscalls.o
 .debug_ranges  0x00000000000000b0       0x90 /home/obrol/RIOT/practice/UART/bin/unwd-range-l1-r3/core.a(sched.o)
 .debug_ranges  0x0000000000000140       0xa0 /home/obrol/RIOT/practice/UART/bin/unwd-range-l1-r3/cortexm_common.a(thread_arch.o)
 .debug_ranges  0x00000000000001e0       0x58 /home/obrol/RIOT/practice/UART/bin/unwd-range-l1-r3/cortexm_common.a(vectors_cortexm.o)
 .debug_ranges  0x0000000000000238       0x28 /home/obrol/RIOT/practice/UART/bin/unwd-range-l1-r3/cortexm_common.a(irq_arch.o)
 .debug_ranges  0x0000000000000260       0x20 /home/obrol/RIOT/practice/UART/bin/unwd-range-l1-r3/stdio_uart.a(stdio_uart.o)
 .debug_ranges  0x0000000000000280       0xa0 /home/obrol/RIOT/practice/UART/bin/unwd-range-l1-r3/stm32_common_periph.a(pm.o)
 .debug_ranges  0x0000000000000320      0x160 /home/obrol/RIOT/practice/UART/bin/unwd-range-l1-r3/stm32_common_periph.a(uart.o)
 .debug_ranges  0x0000000000000480      0x288 /home/obrol/RIOT/practice/UART/bin/unwd-range-l1-r3/stm32_common_periph.a(gpio.o)
 .debug_ranges  0x0000000000000708       0x10 /home/obrol/RIOT/practice/UART/bin/unwd-range-l1-r3/boards_common_unwd.a(board.o)
 .debug_ranges  0x0000000000000718       0x18 /home/obrol/RIOT/practice/UART/bin/unwd-range-l1-r3/core.a(panic.o)
 .debug_ranges  0x0000000000000730       0x20 /home/obrol/RIOT/practice/UART/bin/unwd-range-l1-r3/core.a(kernel_init.o)
 .debug_ranges  0x0000000000000750       0xc0 /home/obrol/RIOT/practice/UART/bin/unwd-range-l1-r3/core.a(thread.o)
 .debug_ranges  0x0000000000000810       0xb0 /home/obrol/RIOT/practice/UART/bin/unwd-range-l1-r3/cortexm_common.a(cortexm_init.o)
 .debug_ranges  0x00000000000008c0       0x78 /home/obrol/RIOT/practice/UART/bin/unwd-range-l1-r3/isrpipe.a(isrpipe.o)
 .debug_ranges  0x0000000000000938       0x20 /home/obrol/RIOT/practice/UART/bin/unwd-range-l1-r3/pm_layered.a(pm.o)
 .debug_ranges  0x0000000000000958       0x10 /home/obrol/RIOT/practice/UART/bin/unwd-range-l1-r3/stm32_common.a(cpu_init.o)
 .debug_ranges  0x0000000000000968       0x38 /home/obrol/RIOT/practice/UART/bin/unwd-range-l1-r3/stm32_common.a(stmclk_l0l1.o)
 .debug_ranges  0x00000000000009a0       0x30 /home/obrol/RIOT/practice/UART/bin/unwd-range-l1-r3/stm32_common.a(cpu_common.o)
 .debug_ranges  0x00000000000009d0      0x110 /home/obrol/RIOT/practice/UART/bin/unwd-range-l1-r3/stm32_common.a(stm_status.o)
 .debug_ranges  0x0000000000000ae0       0x98 /home/obrol/RIOT/practice/UART/bin/unwd-range-l1-r3/tsrb.a(tsrb.o)
 .debug_ranges  0x0000000000000b78       0x10 /home/obrol/RIOT/practice/UART/bin/unwd-range-l1-r3/periph_common.a(init.o)
 .debug_ranges  0x0000000000000b88       0x20 /home/obrol/RIOT/practice/UART/bin/unwd-range-l1-r3/application_traffic_lights.a(main.o)
 .debug_ranges  0x0000000000000ba8       0x10 /home/obrol/RIOT/practice/UART/bin/unwd-range-l1-r3/auto_init.a(auto_init.o)
 .debug_ranges  0x0000000000000bb8       0x80 /home/obrol/RIOT/practice/UART/bin/unwd-range-l1-r3/core.a(mutex.o)
 .debug_ranges  0x0000000000000c38      0x1b0 /home/obrol/RIOT/practice/UART/bin/unwd-range-l1-r3/core.a(msg.o)
 .debug_ranges  0x0000000000000de8      0x348 /home/obrol/RIOT/practice/UART/bin/unwd-range-l1-r3/lptimer.a(lptimer_core.o)
 .debug_ranges  0x0000000000001130       0x80 /home/obrol/RIOT/practice/UART/bin/unwd-range-l1-r3/stm32_common_periph.a(rtt.o)
 .debug_ranges  0x00000000000011b0       0x38 /home/obrol/RIOT/practice/UART/bin/unwd-range-l1-r3/stm32_common.a(stmclk_common.o)

.debug_macro    0x0000000000000000    0x24d09
 .debug_macro   0x0000000000000000       0xe2 /home/obrol/RIOT/practice/UART/bin/unwd-range-l1-r3/cpu/vectors.o
 .debug_macro   0x00000000000000e2      0xa60 /home/obrol/RIOT/practice/UART/bin/unwd-range-l1-r3/cpu/vectors.o
 .debug_macro   0x0000000000000b42      0x100 /home/obrol/RIOT/practice/UART/bin/unwd-range-l1-r3/cpu/vectors.o
 .debug_macro   0x0000000000000c42       0x22 /home/obrol/RIOT/practice/UART/bin/unwd-range-l1-r3/cpu/vectors.o
 .debug_macro   0x0000000000000c64       0x56 /home/obrol/RIOT/practice/UART/bin/unwd-range-l1-r3/cpu/vectors.o
 .debug_macro   0x0000000000000cba       0x51 /home/obrol/RIOT/practice/UART/bin/unwd-range-l1-r3/cpu/vectors.o
 .debug_macro   0x0000000000000d0b      0x103 /home/obrol/RIOT/practice/UART/bin/unwd-range-l1-r3/cpu/vectors.o
 .debug_macro   0x0000000000000e0e       0x6a /home/obrol/RIOT/practice/UART/bin/unwd-range-l1-r3/cpu/vectors.o
 .debug_macro   0x0000000000000e78      0x1df /home/obrol/RIOT/practice/UART/bin/unwd-range-l1-r3/cpu/vectors.o
 .debug_macro   0x0000000000001057       0x10 /home/obrol/RIOT/practice/UART/bin/unwd-range-l1-r3/cpu/vectors.o
 .debug_macro   0x0000000000001067       0x2e /home/obrol/RIOT/practice/UART/bin/unwd-range-l1-r3/cpu/vectors.o
 .debug_macro   0x0000000000001095       0x70 /home/obrol/RIOT/practice/UART/bin/unwd-range-l1-r3/cpu/vectors.o
 .debug_macro   0x0000000000001105       0x1c /home/obrol/RIOT/practice/UART/bin/unwd-range-l1-r3/cpu/vectors.o
 .debug_macro   0x0000000000001121       0x22 /home/obrol/RIOT/practice/UART/bin/unwd-range-l1-r3/cpu/vectors.o
 .debug_macro   0x0000000000001143       0xbd /home/obrol/RIOT/practice/UART/bin/unwd-range-l1-r3/cpu/vectors.o
 .debug_macro   0x0000000000001200      0xe49 /home/obrol/RIOT/practice/UART/bin/unwd-range-l1-r3/cpu/vectors.o
 .debug_macro   0x0000000000002049      0x11f /home/obrol/RIOT/practice/UART/bin/unwd-range-l1-r3/cpu/vectors.o
 .debug_macro   0x0000000000002168     0x72f1 /home/obrol/RIOT/practice/UART/bin/unwd-range-l1-r3/cpu/vectors.o
 .debug_macro   0x0000000000009459       0x6a /home/obrol/RIOT/practice/UART/bin/unwd-range-l1-r3/cpu/vectors.o
 .debug_macro   0x00000000000094c3       0x16 /home/obrol/RIOT/practice/UART/bin/unwd-range-l1-r3/cpu/vectors.o
 .debug_macro   0x00000000000094d9      0x425 /home/obrol/RIOT/practice/UART/bin/unwd-range-l1-r3/newlib_syscalls_default/syscalls.o
 .debug_macro   0x00000000000098fe      0xa60 /home/obrol/RIOT/practice/UART/bin/unwd-range-l1-r3/newlib_syscalls_default/syscalls.o
 .debug_macro   0x000000000000a35e       0x4c /home/obrol/RIOT/practice/UART/bin/unwd-range-l1-r3/newlib_syscalls_default/syscalls.o
 .debug_macro   0x000000000000a3aa       0x18 /home/obrol/RIOT/practice/UART/bin/unwd-range-l1-r3/newlib_syscalls_default/syscalls.o
 .debug_macro   0x000000000000a3c2       0x5c /home/obrol/RIOT/practice/UART/bin/unwd-range-l1-r3/newlib_syscalls_default/syscalls.o
 .debug_macro   0x000000000000a41e       0x3c /home/obrol/RIOT/practice/UART/bin/unwd-range-l1-r3/newlib_syscalls_default/syscalls.o
 .debug_macro   0x000000000000a45a       0x34 /home/obrol/RIOT/practice/UART/bin/unwd-range-l1-r3/newlib_syscalls_default/syscalls.o
 .debug_macro   0x000000000000a48e       0x10 /home/obrol/RIOT/practice/UART/bin/unwd-range-l1-r3/newlib_syscalls_default/syscalls.o
 .debug_macro   0x000000000000a49e       0x57 /home/obrol/RIOT/practice/UART/bin/unwd-range-l1-r3/newlib_syscalls_default/syscalls.o
 .debug_macro   0x000000000000a4f5       0xcf /home/obrol/RIOT/practice/UART/bin/unwd-range-l1-r3/newlib_syscalls_default/syscalls.o
 .debug_macro   0x000000000000a5c4      0x35d /home/obrol/RIOT/practice/UART/bin/unwd-range-l1-r3/newlib_syscalls_default/syscalls.o
 .debug_macro   0x000000000000a921       0x10 /home/obrol/RIOT/practice/UART/bin/unwd-range-l1-r3/newlib_syscalls_default/syscalls.o
 .debug_macro   0x000000000000a931       0x16 /home/obrol/RIOT/practice/UART/bin/unwd-range-l1-r3/newlib_syscalls_default/syscalls.o
 .debug_macro   0x000000000000a947       0x20 /home/obrol/RIOT/practice/UART/bin/unwd-range-l1-r3/newlib_syscalls_default/syscalls.o
 .debug_macro   0x000000000000a967       0x34 /home/obrol/RIOT/practice/UART/bin/unwd-range-l1-r3/newlib_syscalls_default/syscalls.o
 .debug_macro   0x000000000000a99b       0xb2 /home/obrol/RIOT/practice/UART/bin/unwd-range-l1-r3/newlib_syscalls_default/syscalls.o
 .debug_macro   0x000000000000aa4d       0xb7 /home/obrol/RIOT/practice/UART/bin/unwd-range-l1-r3/newlib_syscalls_default/syscalls.o
 .debug_macro   0x000000000000ab04      0x4fe /home/obrol/RIOT/practice/UART/bin/unwd-range-l1-r3/newlib_syscalls_default/syscalls.o
 .debug_macro   0x000000000000b002       0x10 /home/obrol/RIOT/practice/UART/bin/unwd-range-l1-r3/newlib_syscalls_default/syscalls.o
 .debug_macro   0x000000000000b012       0x58 /home/obrol/RIOT/practice/UART/bin/unwd-range-l1-r3/newlib_syscalls_default/syscalls.o
 .debug_macro   0x000000000000b06a       0x71 /home/obrol/RIOT/practice/UART/bin/unwd-range-l1-r3/newlib_syscalls_default/syscalls.o
 .debug_macro   0x000000000000b0db       0x35 /home/obrol/RIOT/practice/UART/bin/unwd-range-l1-r3/newlib_syscalls_default/syscalls.o
 .debug_macro   0x000000000000b110       0x10 /home/obrol/RIOT/practice/UART/bin/unwd-range-l1-r3/newlib_syscalls_default/syscalls.o
 .debug_macro   0x000000000000b120      0x12a /home/obrol/RIOT/practice/UART/bin/unwd-range-l1-r3/newlib_syscalls_default/syscalls.o
 .debug_macro   0x000000000000b24a       0x10 /home/obrol/RIOT/practice/UART/bin/unwd-range-l1-r3/newlib_syscalls_default/syscalls.o
 .debug_macro   0x000000000000b25a       0x35 /home/obrol/RIOT/practice/UART/bin/unwd-range-l1-r3/newlib_syscalls_default/syscalls.o
 .debug_macro   0x000000000000b28f       0x10 /home/obrol/RIOT/practice/UART/bin/unwd-range-l1-r3/newlib_syscalls_default/syscalls.o
 .debug_macro   0x000000000000b29f      0x241 /home/obrol/RIOT/practice/UART/bin/unwd-range-l1-r3/newlib_syscalls_default/syscalls.o
 .debug_macro   0x000000000000b4e0       0x16 /home/obrol/RIOT/practice/UART/bin/unwd-range-l1-r3/newlib_syscalls_default/syscalls.o
 .debug_macro   0x000000000000b4f6       0x10 /home/obrol/RIOT/practice/UART/bin/unwd-range-l1-r3/newlib_syscalls_default/syscalls.o
 .debug_macro   0x000000000000b506       0x16 /home/obrol/RIOT/practice/UART/bin/unwd-range-l1-r3/newlib_syscalls_default/syscalls.o
 .debug_macro   0x000000000000b51c       0xff /home/obrol/RIOT/practice/UART/bin/unwd-range-l1-r3/newlib_syscalls_default/syscalls.o
 .debug_macro   0x000000000000b61b       0x16 /home/obrol/RIOT/practice/UART/bin/unwd-range-l1-r3/newlib_syscalls_default/syscalls.o
 .debug_macro   0x000000000000b631       0x22 /home/obrol/RIOT/practice/UART/bin/unwd-range-l1-r3/newlib_syscalls_default/syscalls.o
 .debug_macro   0x000000000000b653       0x16 /home/obrol/RIOT/practice/UART/bin/unwd-range-l1-r3/newlib_syscalls_default/syscalls.o
 .debug_macro   0x000000000000b669       0x16 /home/obrol/RIOT/practice/UART/bin/unwd-range-l1-r3/newlib_syscalls_default/syscalls.o
 .debug_macro   0x000000000000b67f       0x10 /home/obrol/RIOT/practice/UART/bin/unwd-range-l1-r3/newlib_syscalls_default/syscalls.o
 .debug_macro   0x000000000000b68f       0x10 /home/obrol/RIOT/practice/UART/bin/unwd-range-l1-r3/newlib_syscalls_default/syscalls.o
 .debug_macro   0x000000000000b69f       0x2e /home/obrol/RIOT/practice/UART/bin/unwd-range-l1-r3/newlib_syscalls_default/syscalls.o
 .debug_macro   0x000000000000b6cd      0x102 /home/obrol/RIOT/practice/UART/bin/unwd-range-l1-r3/newlib_syscalls_default/syscalls.o
 .debug_macro   0x000000000000b7cf       0x22 /home/obrol/RIOT/practice/UART/bin/unwd-range-l1-r3/newlib_syscalls_default/syscalls.o
 .debug_macro   0x000000000000b7f1       0xd6 /home/obrol/RIOT/practice/UART/bin/unwd-range-l1-r3/newlib_syscalls_default/syscalls.o
 .debug_macro   0x000000000000b8c7       0x10 /home/obrol/RIOT/practice/UART/bin/unwd-range-l1-r3/newlib_syscalls_default/syscalls.o
 .debug_macro   0x000000000000b8d7      0x460 /home/obrol/RIOT/practice/UART/bin/unwd-range-l1-r3/newlib_syscalls_default/syscalls.o
 .debug_macro   0x000000000000bd37       0x7c /home/obrol/RIOT/practice/UART/bin/unwd-range-l1-r3/newlib_syscalls_default/syscalls.o
 .debug_macro   0x000000000000bdb3       0x17 /home/obrol/RIOT/practice/UART/bin/unwd-range-l1-r3/newlib_syscalls_default/syscalls.o
 .debug_macro   0x000000000000bdca       0xee /home/obrol/RIOT/practice/UART/bin/unwd-range-l1-r3/newlib_syscalls_default/syscalls.o
 .debug_macro   0x000000000000beb8       0x28 /home/obrol/RIOT/practice/UART/bin/unwd-range-l1-r3/newlib_syscalls_default/syscalls.o
 .debug_macro   0x000000000000bee0       0x17 /home/obrol/RIOT/practice/UART/bin/unwd-range-l1-r3/newlib_syscalls_default/syscalls.o
 .debug_macro   0x000000000000bef7       0x12 /home/obrol/RIOT/practice/UART/bin/unwd-range-l1-r3/newlib_syscalls_default/syscalls.o
 .debug_macro   0x000000000000bf09       0x5f /home/obrol/RIOT/practice/UART/bin/unwd-range-l1-r3/newlib_syscalls_default/syscalls.o
 .debug_macro   0x000000000000bf68       0x17 /home/obrol/RIOT/practice/UART/bin/unwd-range-l1-r3/newlib_syscalls_default/syscalls.o
 .debug_macro   0x000000000000bf7f      0x130 /home/obrol/RIOT/practice/UART/bin/unwd-range-l1-r3/newlib_syscalls_default/syscalls.o
 .debug_macro   0x000000000000c0af       0x34 /home/obrol/RIOT/practice/UART/bin/unwd-range-l1-r3/newlib_syscalls_default/syscalls.o
 .debug_macro   0x000000000000c0e3       0x98 /home/obrol/RIOT/practice/UART/bin/unwd-range-l1-r3/newlib_syscalls_default/syscalls.o
 .debug_macro   0x000000000000c17b       0x1c /home/obrol/RIOT/practice/UART/bin/unwd-range-l1-r3/newlib_syscalls_default/syscalls.o
 .debug_macro   0x000000000000c197       0x1c /home/obrol/RIOT/practice/UART/bin/unwd-range-l1-r3/newlib_syscalls_default/syscalls.o
 .debug_macro   0x000000000000c1b3      0x311 /home/obrol/RIOT/practice/UART/bin/unwd-range-l1-r3/core.a(sched.o)
 .debug_macro   0x000000000000c4c4      0xa60 /home/obrol/RIOT/practice/UART/bin/unwd-range-l1-r3/core.a(sched.o)
 .debug_macro   0x000000000000cf24      0x16d /home/obrol/RIOT/practice/UART/bin/unwd-range-l1-r3/core.a(sched.o)
 .debug_macro   0x000000000000d091       0x52 /home/obrol/RIOT/practice/UART/bin/unwd-range-l1-r3/core.a(sched.o)
 .debug_macro   0x000000000000d0e3       0x3a /home/obrol/RIOT/practice/UART/bin/unwd-range-l1-r3/core.a(sched.o)
 .debug_macro   0x000000000000d11d       0x43 /home/obrol/RIOT/practice/UART/bin/unwd-range-l1-r3/core.a(sched.o)
 .debug_macro   0x000000000000d160       0x2e /home/obrol/RIOT/practice/UART/bin/unwd-range-l1-r3/core.a(sched.o)
 .debug_macro   0x000000000000d18e       0x1c /home/obrol/RIOT/practice/UART/bin/unwd-range-l1-r3/core.a(sched.o)
 .debug_macro   0x000000000000d1aa      0x114 /home/obrol/RIOT/practice/UART/bin/unwd-range-l1-r3/core.a(sched.o)
 .debug_macro   0x000000000000d2be       0x1c /home/obrol/RIOT/practice/UART/bin/unwd-range-l1-r3/core.a(sched.o)
 .debug_macro   0x000000000000d2da      0x2ff /home/obrol/RIOT/practice/UART/bin/unwd-range-l1-r3/cortexm_common.a(thread_arch.o)
 .debug_macro   0x000000000000d5d9      0xa60 /home/obrol/RIOT/practice/UART/bin/unwd-range-l1-r3/cortexm_common.a(thread_arch.o)
 .debug_macro   0x000000000000e039       0x97 /home/obrol/RIOT/practice/UART/bin/unwd-range-l1-r3/cortexm_common.a(thread_arch.o)
 .debug_macro   0x000000000000e0d0       0xf6 /home/obrol/RIOT/practice/UART/bin/unwd-range-l1-r3/cortexm_common.a(thread_arch.o)
 .debug_macro   0x000000000000e1c6       0x1d /home/obrol/RIOT/practice/UART/bin/unwd-range-l1-r3/cortexm_common.a(thread_arch.o)
 .debug_macro   0x000000000000e1e3      0x331 /home/obrol/RIOT/practice/UART/bin/unwd-range-l1-r3/cortexm_common.a(vectors_cortexm.o)
 .debug_macro   0x000000000000e514      0xa60 /home/obrol/RIOT/practice/UART/bin/unwd-range-l1-r3/cortexm_common.a(vectors_cortexm.o)
 .debug_macro   0x000000000000ef74       0xbe /home/obrol/RIOT/practice/UART/bin/unwd-range-l1-r3/cortexm_common.a(vectors_cortexm.o)
 .debug_macro   0x000000000000f032       0x16 /home/obrol/RIOT/practice/UART/bin/unwd-range-l1-r3/cortexm_common.a(vectors_cortexm.o)
 .debug_macro   0x000000000000f048       0x1c /home/obrol/RIOT/practice/UART/bin/unwd-range-l1-r3/cortexm_common.a(vectors_cortexm.o)
 .debug_macro   0x000000000000f064      0x2ea /home/obrol/RIOT/practice/UART/bin/unwd-range-l1-r3/cortexm_common.a(irq_arch.o)
 .debug_macro   0x000000000000f34e      0xa60 /home/obrol/RIOT/practice/UART/bin/unwd-range-l1-r3/cortexm_common.a(irq_arch.o)
 .debug_macro   0x000000000000fdae      0x3da /home/obrol/RIOT/practice/UART/bin/unwd-range-l1-r3/stdio_uart.a(stdio_uart.o)
 .debug_macro   0x0000000000010188      0xa60 /home/obrol/RIOT/practice/UART/bin/unwd-range-l1-r3/stdio_uart.a(stdio_uart.o)
 .debug_macro   0x0000000000010be8       0x16 /home/obrol/RIOT/practice/UART/bin/unwd-range-l1-r3/stdio_uart.a(stdio_uart.o)
 .debug_macro   0x0000000000010bfe       0x92 /home/obrol/RIOT/practice/UART/bin/unwd-range-l1-r3/stdio_uart.a(stdio_uart.o)
 .debug_macro   0x0000000000010c90      0x122 /home/obrol/RIOT/practice/UART/bin/unwd-range-l1-r3/stdio_uart.a(stdio_uart.o)
 .debug_macro   0x0000000000010db2       0x16 /home/obrol/RIOT/practice/UART/bin/unwd-range-l1-r3/stdio_uart.a(stdio_uart.o)
 .debug_macro   0x0000000000010dc8       0x16 /home/obrol/RIOT/practice/UART/bin/unwd-range-l1-r3/stdio_uart.a(stdio_uart.o)
 .debug_macro   0x0000000000010dde      0x375 /home/obrol/RIOT/practice/UART/bin/unwd-range-l1-r3/stm32_common_periph.a(pm.o)
 .debug_macro   0x0000000000011153      0xa60 /home/obrol/RIOT/practice/UART/bin/unwd-range-l1-r3/stm32_common_periph.a(pm.o)
 .debug_macro   0x0000000000011bb3       0x22 /home/obrol/RIOT/practice/UART/bin/unwd-range-l1-r3/stm32_common_periph.a(pm.o)
 .debug_macro   0x0000000000011bd5      0x360 /home/obrol/RIOT/practice/UART/bin/unwd-range-l1-r3/stm32_common_periph.a(uart.o)
 .debug_macro   0x0000000000011f35      0xa60 /home/obrol/RIOT/practice/UART/bin/unwd-range-l1-r3/stm32_common_periph.a(uart.o)
 .debug_macro   0x0000000000012995      0x31e /home/obrol/RIOT/practice/UART/bin/unwd-range-l1-r3/stm32_common_periph.a(gpio.o)
 .debug_macro   0x0000000000012cb3      0xa60 /home/obrol/RIOT/practice/UART/bin/unwd-range-l1-r3/stm32_common_periph.a(gpio.o)
 .debug_macro   0x0000000000013713      0x350 /home/obrol/RIOT/practice/UART/bin/unwd-range-l1-r3/boards_common_unwd.a(board.o)
 .debug_macro   0x0000000000013a63      0xa60 /home/obrol/RIOT/practice/UART/bin/unwd-range-l1-r3/boards_common_unwd.a(board.o)
 .debug_macro   0x00000000000144c3      0x33c /home/obrol/RIOT/practice/UART/bin/unwd-range-l1-r3/core.a(panic.o)
 .debug_macro   0x00000000000147ff      0xa60 /home/obrol/RIOT/practice/UART/bin/unwd-range-l1-r3/core.a(panic.o)
 .debug_macro   0x000000000001525f       0x10 /home/obrol/RIOT/practice/UART/bin/unwd-range-l1-r3/core.a(panic.o)
 .debug_macro   0x000000000001526f      0x374 /home/obrol/RIOT/practice/UART/bin/unwd-range-l1-r3/core.a(kernel_init.o)
 .debug_macro   0x00000000000155e3      0xa60 /home/obrol/RIOT/practice/UART/bin/unwd-range-l1-r3/core.a(kernel_init.o)
 .debug_macro   0x0000000000016043      0x23b /home/obrol/RIOT/practice/UART/bin/unwd-range-l1-r3/core.a(kernel_init.o)
 .debug_macro   0x000000000001627e       0xdc /home/obrol/RIOT/practice/UART/bin/unwd-range-l1-r3/core.a(kernel_init.o)
 .debug_macro   0x000000000001635a      0x315 /home/obrol/RIOT/practice/UART/bin/unwd-range-l1-r3/core.a(thread.o)
 .debug_macro   0x000000000001666f      0xa60 /home/obrol/RIOT/practice/UART/bin/unwd-range-l1-r3/core.a(thread.o)
 .debug_macro   0x00000000000170cf      0x31a /home/obrol/RIOT/practice/UART/bin/unwd-range-l1-r3/cortexm_common.a(cortexm_init.o)
 .debug_macro   0x00000000000173e9      0xa60 /home/obrol/RIOT/practice/UART/bin/unwd-range-l1-r3/cortexm_common.a(cortexm_init.o)
 .debug_macro   0x0000000000017e49      0x3e8 /home/obrol/RIOT/practice/UART/bin/unwd-range-l1-r3/isrpipe.a(isrpipe.o)
 .debug_macro   0x0000000000018231      0xa60 /home/obrol/RIOT/practice/UART/bin/unwd-range-l1-r3/isrpipe.a(isrpipe.o)
 .debug_macro   0x0000000000018c91       0x2e /home/obrol/RIOT/practice/UART/bin/unwd-range-l1-r3/isrpipe.a(isrpipe.o)
 .debug_macro   0x0000000000018cbf      0x11c /home/obrol/RIOT/practice/UART/bin/unwd-range-l1-r3/isrpipe.a(isrpipe.o)
 .debug_macro   0x0000000000018ddb       0x35 /home/obrol/RIOT/practice/UART/bin/unwd-range-l1-r3/isrpipe.a(isrpipe.o)
 .debug_macro   0x0000000000018e10       0x1c /home/obrol/RIOT/practice/UART/bin/unwd-range-l1-r3/isrpipe.a(isrpipe.o)
 .debug_macro   0x0000000000018e2c       0x10 /home/obrol/RIOT/practice/UART/bin/unwd-range-l1-r3/isrpipe.a(isrpipe.o)
 .debug_macro   0x0000000000018e3c       0x10 /home/obrol/RIOT/practice/UART/bin/unwd-range-l1-r3/isrpipe.a(isrpipe.o)
 .debug_macro   0x0000000000018e4c      0x333 /home/obrol/RIOT/practice/UART/bin/unwd-range-l1-r3/pm_layered.a(pm.o)
 .debug_macro   0x000000000001917f      0xa60 /home/obrol/RIOT/practice/UART/bin/unwd-range-l1-r3/pm_layered.a(pm.o)
 .debug_macro   0x0000000000019bdf      0x197 /home/obrol/RIOT/practice/UART/bin/unwd-range-l1-r3/pm_layered.a(pm.o)
 .debug_macro   0x0000000000019d76      0x394 /home/obrol/RIOT/practice/UART/bin/unwd-range-l1-r3/stm32_common.a(cpu_init.o)
 .debug_macro   0x000000000001a10a      0xa60 /home/obrol/RIOT/practice/UART/bin/unwd-range-l1-r3/stm32_common.a(cpu_init.o)
 .debug_macro   0x000000000001ab6a      0x35c /home/obrol/RIOT/practice/UART/bin/unwd-range-l1-r3/stm32_common.a(stmclk_l0l1.o)
 .debug_macro   0x000000000001aec6      0xa60 /home/obrol/RIOT/practice/UART/bin/unwd-range-l1-r3/stm32_common.a(stmclk_l0l1.o)
 .debug_macro   0x000000000001b926      0x32f /home/obrol/RIOT/practice/UART/bin/unwd-range-l1-r3/stm32_common.a(cpu_common.o)
 .debug_macro   0x000000000001bc55      0xa60 /home/obrol/RIOT/practice/UART/bin/unwd-range-l1-r3/stm32_common.a(cpu_common.o)
 .debug_macro   0x000000000001c6b5      0x327 /home/obrol/RIOT/practice/UART/bin/unwd-range-l1-r3/stm32_common.a(stm_status.o)
 .debug_macro   0x000000000001c9dc      0xa60 /home/obrol/RIOT/practice/UART/bin/unwd-range-l1-r3/stm32_common.a(stm_status.o)
 .debug_macro   0x000000000001d43c       0x5f /home/obrol/RIOT/practice/UART/bin/unwd-range-l1-r3/tsrb.a(tsrb.o)
 .debug_macro   0x000000000001d49b      0xa60 /home/obrol/RIOT/practice/UART/bin/unwd-range-l1-r3/tsrb.a(tsrb.o)
 .debug_macro   0x000000000001defb       0x1a /home/obrol/RIOT/practice/UART/bin/unwd-range-l1-r3/periph_common.a(init.o)
 .debug_macro   0x000000000001df15      0xa60 /home/obrol/RIOT/practice/UART/bin/unwd-range-l1-r3/periph_common.a(init.o)
 .debug_macro   0x000000000001e975      0x3a9 /home/obrol/RIOT/practice/UART/bin/unwd-range-l1-r3/application_traffic_lights.a(main.o)
 .debug_macro   0x000000000001ed1e      0xa60 /home/obrol/RIOT/practice/UART/bin/unwd-range-l1-r3/application_traffic_lights.a(main.o)
 .debug_macro   0x000000000001f77e       0x34 /home/obrol/RIOT/practice/UART/bin/unwd-range-l1-r3/application_traffic_lights.a(main.o)
 .debug_macro   0x000000000001f7b2       0x43 /home/obrol/RIOT/practice/UART/bin/unwd-range-l1-r3/application_traffic_lights.a(main.o)
 .debug_macro   0x000000000001f7f5       0x3a /home/obrol/RIOT/practice/UART/bin/unwd-range-l1-r3/application_traffic_lights.a(main.o)
 .debug_macro   0x000000000001f82f       0x10 /home/obrol/RIOT/practice/UART/bin/unwd-range-l1-r3/application_traffic_lights.a(main.o)
 .debug_macro   0x000000000001f83f      0x3b7 /home/obrol/RIOT/practice/UART/bin/unwd-range-l1-r3/auto_init.a(auto_init.o)
 .debug_macro   0x000000000001fbf6      0xa60 /home/obrol/RIOT/practice/UART/bin/unwd-range-l1-r3/auto_init.a(auto_init.o)
 .debug_macro   0x0000000000020656      0x310 /home/obrol/RIOT/practice/UART/bin/unwd-range-l1-r3/core.a(mutex.o)
 .debug_macro   0x0000000000020966      0xa60 /home/obrol/RIOT/practice/UART/bin/unwd-range-l1-r3/core.a(mutex.o)
 .debug_macro   0x00000000000213c6      0x1e5 /home/obrol/RIOT/practice/UART/bin/unwd-range-l1-r3/core.a(mutex.o)
 .debug_macro   0x00000000000215ab      0x302 /home/obrol/RIOT/practice/UART/bin/unwd-range-l1-r3/core.a(msg.o)
 .debug_macro   0x00000000000218ad      0xa60 /home/obrol/RIOT/practice/UART/bin/unwd-range-l1-r3/core.a(msg.o)
 .debug_macro   0x000000000002230d      0x3b3 /home/obrol/RIOT/practice/UART/bin/unwd-range-l1-r3/lptimer.a(lptimer_core.o)
 .debug_macro   0x00000000000226c0      0xa60 /home/obrol/RIOT/practice/UART/bin/unwd-range-l1-r3/lptimer.a(lptimer_core.o)
 .debug_macro   0x0000000000023120       0x34 /home/obrol/RIOT/practice/UART/bin/unwd-range-l1-r3/lptimer.a(lptimer_core.o)
 .debug_macro   0x0000000000023154       0x16 /home/obrol/RIOT/practice/UART/bin/unwd-range-l1-r3/lptimer.a(lptimer_core.o)
 .debug_macro   0x000000000002316a      0x3a7 /home/obrol/RIOT/practice/UART/bin/unwd-range-l1-r3/stm32_common_periph.a(rtt.o)
 .debug_macro   0x0000000000023511      0xa60 /home/obrol/RIOT/practice/UART/bin/unwd-range-l1-r3/stm32_common_periph.a(rtt.o)
 .debug_macro   0x0000000000023f71      0x338 /home/obrol/RIOT/practice/UART/bin/unwd-range-l1-r3/stm32_common.a(stmclk_common.o)
 .debug_macro   0x00000000000242a9      0xa60 /home/obrol/RIOT/practice/UART/bin/unwd-range-l1-r3/stm32_common.a(stmclk_common.o)

.debug_line     0x0000000000000000    0x10145
 .debug_line    0x0000000000000000      0x35e /home/obrol/RIOT/practice/UART/bin/unwd-range-l1-r3/cpu/vectors.o
 .debug_line    0x000000000000035e      0xa69 /home/obrol/RIOT/practice/UART/bin/unwd-range-l1-r3/newlib_syscalls_default/syscalls.o
 .debug_line    0x0000000000000dc7      0x8a1 /home/obrol/RIOT/practice/UART/bin/unwd-range-l1-r3/core.a(sched.o)
 .debug_line    0x0000000000001668      0x81f /home/obrol/RIOT/practice/UART/bin/unwd-range-l1-r3/cortexm_common.a(thread_arch.o)
 .debug_line    0x0000000000001e87      0x8f8 /home/obrol/RIOT/practice/UART/bin/unwd-range-l1-r3/cortexm_common.a(vectors_cortexm.o)
 .debug_line    0x000000000000277f      0x682 /home/obrol/RIOT/practice/UART/bin/unwd-range-l1-r3/cortexm_common.a(irq_arch.o)
 .debug_line    0x0000000000002e01      0x79f /home/obrol/RIOT/practice/UART/bin/unwd-range-l1-r3/stdio_uart.a(stdio_uart.o)
 .debug_line    0x00000000000035a0      0xa22 /home/obrol/RIOT/practice/UART/bin/unwd-range-l1-r3/stm32_common_periph.a(pm.o)
 .debug_line    0x0000000000003fc2      0xbe9 /home/obrol/RIOT/practice/UART/bin/unwd-range-l1-r3/stm32_common_periph.a(uart.o)
 .debug_line    0x0000000000004bab      0xddf /home/obrol/RIOT/practice/UART/bin/unwd-range-l1-r3/stm32_common_periph.a(gpio.o)
 .debug_line    0x000000000000598a      0x714 /home/obrol/RIOT/practice/UART/bin/unwd-range-l1-r3/boards_common_unwd.a(board.o)
 .debug_line    0x000000000000609e      0x710 /home/obrol/RIOT/practice/UART/bin/unwd-range-l1-r3/core.a(panic.o)
 .debug_line    0x00000000000067ae      0x717 /home/obrol/RIOT/practice/UART/bin/unwd-range-l1-r3/core.a(kernel_init.o)
 .debug_line    0x0000000000006ec5      0x9ab /home/obrol/RIOT/practice/UART/bin/unwd-range-l1-r3/core.a(thread.o)
 .debug_line    0x0000000000007870      0x863 /home/obrol/RIOT/practice/UART/bin/unwd-range-l1-r3/cortexm_common.a(cortexm_init.o)